Component: ARM Compiler 5.06 update 7 (build 960) Tool: armlink [4d3601]

==============================================================================

Section Cross References

    main.o(.text) refers to kservice.o(.text) for rt_kprintf
    main.o(.text) refers to timer.o(.text) for rt_timer_stop
    main.o(.text) refers to main.o(.data) for count
    main.o(FSymTab) refers to main.o(.rodata.name) for __fsym___cmd_rtt_task3_name
    main.o(FSymTab) refers to main.o(.text) for rtt_task3
    board.o(.text) refers to stm32f1xx_hal_cortex.o(.text) for HAL_NVIC_SetPriorityGrouping
    board.o(.text) refers to stm32f1xx_hal_rcc.o(.text) for HAL_RCC_OscConfig
    board.o(.text) refers to kservice.o(.text) for rt_assert_handler
    board.o(.text) refers to irq.o(.text) for rt_interrupt_enter
    board.o(.text) refers to stm32f1xx_hal.o(.text) for HAL_IncTick
    board.o(.text) refers to clock.o(.text) for rt_tick_increase
    board.o(.text) refers to mem.o(.text) for rt_system_heap_init
    board.o(.text) refers to components.o(.text) for rt_components_board_init
    board.o(.text) refers to board.o(.constdata) for __FUNCTION__
    board.o(.text) refers to board.o(.conststring) for .conststring
    drv_gpio.o(.text) refers to stm32f1xx_hal_gpio.o(.text) for HAL_GPIO_WritePin
    drv_gpio.o(.text) refers to context_rvds.o(.text) for rt_hw_interrupt_disable
    drv_gpio.o(.text) refers to stm32f1xx_hal_cortex.o(.text) for HAL_NVIC_SetPriority
    drv_gpio.o(.text) refers to drv_gpio.o(.constdata) for pins
    drv_gpio.o(.text) refers to drv_gpio.o(.data) for pin_irq_hdr_tab
    drv_gpio.o(.text) refers to pin.o(.text) for rt_device_pin_register
    drv_gpio.o(.text) refers to irq.o(.text) for rt_interrupt_enter
    drv_gpio.o(.constdata) refers to drv_gpio.o(.text) for GPIOE_CLK_ENABLE
    drv_gpio.o(.rti_fn.1) refers to drv_gpio.o(.text) for rt_hw_pin_init
    drv_usart.o(.text) refers to kservice.o(.text) for rt_assert_handler
    drv_usart.o(.text) refers to stm32f1xx_hal_uart.o(.text) for HAL_UART_Init
    drv_usart.o(.text) refers to serial.o(.text) for rt_hw_serial_isr
    drv_usart.o(.text) refers to irq.o(.text) for rt_interrupt_enter
    drv_usart.o(.text) refers to stm32f1xx_hal_gpio.o(.text) for HAL_GPIO_Init
    drv_usart.o(.text) refers to stm32f1xx_hal_cortex.o(.text) for HAL_NVIC_SetPriority
    drv_usart.o(.text) refers to drv_usart.o(.constdata) for __FUNCTION__
    drv_usart.o(.text) refers to drv_usart.o(.bss) for serial1
    drv_usart.o(.text) refers to drv_usart.o(.data) for uart1
    drv_usart.o(.constdata) refers to drv_usart.o(.text) for stm32_configure
    drv_usart.o(.rti_fn.1) refers to drv_usart.o(.text) for rt_hw_usart_init
    system_stm32f1xx.o(.text) refers to system_stm32f1xx.o(.data) for SystemCoreClock
    system_stm32f1xx.o(.text) refers to system_stm32f1xx.o(.constdata) for AHBPrescTable
    stm32f1xx_hal_gpio.o(.text) refers to drv_gpio.o(.text) for HAL_GPIO_EXTI_Callback
    stm32f1xx_hal_flash.o(.text) refers to stm32f1xx_hal.o(.text) for HAL_GetTick
    stm32f1xx_hal_flash.o(.text) refers to llushr.o(.text) for __aeabi_llsr
    stm32f1xx_hal_flash.o(.text) refers to stm32f1xx_hal_flash_ex.o(.text) for FLASH_PageErase
    stm32f1xx_hal_flash.o(.text) refers to stm32f1xx_hal_flash.o(.bss) for pFlash
    stm32f1xx_hal_flash.o(.text) refers to stm32f1xx_hal_cortex.o(.text) for HAL_NVIC_SystemReset
    stm32f1xx_hal_flash_ex.o(.text) refers to stm32f1xx_hal_flash.o(.text) for FLASH_WaitForLastOperation
    stm32f1xx_hal_flash_ex.o(.text) refers to stm32f1xx_hal_flash.o(.bss) for pFlash
    stm32f1xx_hal_dma.o(.text) refers to stm32f1xx_hal.o(.text) for HAL_GetTick
    stm32f1xx_hal_rcc.o(.text) refers to stm32f1xx_hal.o(.text) for HAL_GetTick
    stm32f1xx_hal_rcc.o(.text) refers to system_stm32f1xx.o(.data) for SystemCoreClock
    stm32f1xx_hal_rcc.o(.text) refers to stm32f1xx_hal_gpio.o(.text) for HAL_GPIO_Init
    stm32f1xx_hal_rcc.o(.text) refers to system_stm32f1xx.o(.constdata) for AHBPrescTable
    stm32f1xx_hal_rcc_ex.o(.text) refers to stm32f1xx_hal.o(.text) for HAL_GetTick
    stm32f1xx_hal_rcc_ex.o(.text) refers to stm32f1xx_hal_rcc.o(.text) for HAL_RCC_GetSysClockFreq
    stm32f1xx_hal_tim.o(.text) refers to stm32f1xx_hal_dma.o(.text) for HAL_DMA_Start_IT
    stm32f1xx_hal_tim.o(.text) refers to stm32f1xx_hal_tim_ex.o(.text) for HAL_TIMEx_BreakCallback
    stm32f1xx_hal_tim_ex.o(.text) refers to stm32f1xx_hal_tim.o(.text) for TIM_Base_SetConfig
    stm32f1xx_hal_tim_ex.o(.text) refers to stm32f1xx_hal_dma.o(.text) for HAL_DMA_Start_IT
    stm32f1xx_hal_uart.o(.text) refers to stm32f1xx_hal_rcc.o(.text) for HAL_RCC_GetPCLK2Freq
    stm32f1xx_hal_uart.o(.text) refers to drv_usart.o(.text) for HAL_UART_MspInit
    stm32f1xx_hal_uart.o(.text) refers to stm32f1xx_hal.o(.text) for HAL_GetTick
    stm32f1xx_hal_uart.o(.text) refers to stm32f1xx_hal_dma.o(.text) for HAL_DMA_Start_IT
[...]
    __Vectors_Size                           0x00000130   Number         0  startup_stm32f103xe.o ABSOLUTE
    __Vectors                                0x08000000   Data           4  startup_stm32f103xe.o(RESET)
    __Vectors_End                            0x08000130   Data           0  startup_stm32f103xe.o(RESET)
    __main                                   0x08000131   Thumb Code     0  entry.o(.ARM.Collect$$$$00000000)
    _main_stk                                0x08000131   Thumb Code     0  entry2.o(.ARM.Collect$$$$00000001)
    _main_scatterload                        0x08000135   Thumb Code     0  entry5.o(.ARM.Collect$$$$00000004)
    __main_after_scatterload                 0x08000139   Thumb Code     0  entry5.o(.ARM.Collect$$$$00000004)
    _main_clock                              0x08000139   Thumb Code     0  entry7b.o(.ARM.Collect$$$$00000008)
    _main_cpp_init                           0x08000139   Thumb Code     0  entry8b.o(.ARM.Collect$$$$0000000A)
    _main_init                               0x08000139   Thumb Code     0  entry9a.o(.ARM.Collect$$$$0000000B)
    __rt_lib_shutdown_fini                   0x08000141   Thumb Code     0  entry12b.o(.ARM.Collect$$$$0000000E)
    __rt_final_cpp                           0x08000145   Thumb Code     0  entry10a.o(.ARM.Collect$$$$0000000F)
    __rt_final_exit                          0x08000145   Thumb Code     0  entry11a.o(.ARM.Collect$$$$00000011)
    $Super$$main                             0x08000185   Thumb Code     4  main.o(.text)
    rtt_task3                                0x08000189   Thumb Code    74  main.o(.text)
    HAL_MspInit                              0x08000259   Thumb Code   140  board.o(.text)
    SystemClock_Config                       0x080002e5   Thumb Code   130  board.o(.text)
    SysTick_Handler                          0x08000367   Thumb Code    20  board.o(.text)
    rt_hw_board_init                         0x0800037b   Thumb Code    30  board.o(.text)
    NMI_Handler                              0x080003e9   Thumb Code     2  stm32f1xx_it.o(.text)
    MemManage_Handler                        0x080003eb   Thumb Code     4  stm32f1xx_it.o(.text)
    BusFault_Handler                         0x080003ef   Thumb Code     4  stm32f1xx_it.o(.text)
    UsageFault_Handler                       0x080003f3   Thumb Code     4  stm32f1xx_it.o(.text)
    DebugMon_Handler                         0x080003f7   Thumb Code     2  stm32f1xx_it.o(.text)
    get_pin                                  0x080004d9   Thumb Code    26  drv_gpio.o(.text)
    stm32_pin_write                          0x080004f3   Thumb Code    40  drv_gpio.o(.text)
    stm32_pin_read                           0x0800051b   Thumb Code    42  drv_gpio.o(.text)
    stm32_pin_mode                           0x08000545   Thumb Code   120  drv_gpio.o(.text)
    stm32_pin_attach_irq                     0x080005db   Thumb Code   216  drv_gpio.o(.text)
    stm32_pin_dettach_irq                    0x080006b3   Thumb Code   134  drv_gpio.o(.text)
    stm32_pin_irq_enable                     0x08000739   Thumb Code   288  drv_gpio.o(.text)
    rt_hw_pin_init                           0x08000859   Thumb Code    18  drv_gpio.o(.text)
    HAL_GPIO_EXTI_Callback                   0x0800086b   Thumb Code    54  drv_gpio.o(.text)
    EXTI0_IRQHandler                         0x080008a1   Thumb Code    18  drv_gpio.o(.text)
    EXTI1_IRQHandler                         0x080008b3   Thumb Code    18  drv_gpio.o(.text)
    EXTI2_IRQHandler                         0x080008c5   Thumb Code    18  drv_gpio.o(.text)
    EXTI3_IRQHandler                         0x080008d7   Thumb Code    18  drv_gpio.o(.text)
    EXTI4_IRQHandler                         0x080008e9   Thumb Code    18  drv_gpio.o(.text)
    EXTI9_5_IRQHandler                       0x080008fb   Thumb Code    46  drv_gpio.o(.text)
    EXTI15_10_IRQHandler                     0x08000929   Thumb Code    60  drv_gpio.o(.text)
    USART1_IRQHandler                        0x08000b2f   Thumb Code    18  drv_usart.o(.text)
    rt_hw_usart_init                         0x08000b73   Thumb Code    58  drv_usart.o(.text)
    HAL_UART_MspInit                         0x08000bad   Thumb Code   366  drv_usart.o(.text)
    HAL_UART_MspDeInit                       0x08000d1b   Thumb Code   280  drv_usart.o(.text)
    SystemInit                               0x08000e41   Thumb Code    70  system_stm32f1xx.o(.text)
    SystemCoreClockUpdate                    0x08000e87   Thumb Code   142  system_stm32f1xx.o(.text)
    HAL_GPIO_Init                            0x08000f35   Thumb Code   790  stm32f1xx_hal_gpio.o(.text)
    HAL_GPIO_DeInit                          0x0800124b   Thumb Code   312  stm32f1xx_hal_gpio.o(.text)
    HAL_GPIO_ReadPin                         0x08001383   Thumb Code    16  stm32f1xx_hal_gpio.o(.text)
    HAL_GPIO_WritePin                        0x08001393   Thumb Code    12  stm32f1xx_hal_gpio.o(.text)
    HAL_GPIO_TogglePin                       0x0800139f   Thumb Code     8  stm32f1xx_hal_gpio.o(.text)
    HAL_GPIO_LockPin                         0x080013a7   Thumb Code    46  stm32f1xx_hal_gpio.o(.text)
    HAL_GPIO_EXTI_IRQHandler                 0x080013d7   Thumb Code    28  stm32f1xx_hal_gpio.o(.text)
    HAL_DMA_Init                             0x0800141d   Thumb Code   140  stm32f1xx_hal_dma.o(.text)
    HAL_DMA_DeInit                           0x080014a9   Thumb Code   124  stm32f1xx_hal_dma.o(.text)
    HAL_DMA_Start                            0x08001551   Thumb Code   114  stm32f1xx_hal_dma.o(.text)
    HAL_DMA_Start_IT                         0x080015c3   Thumb Code   156  stm32f1xx_hal_dma.o(.text)
    HAL_DMA_Abort                            0x0800165f   Thumb Code    58  stm32f1xx_hal_dma.o(.text)
    HAL_DMA_Abort_IT                         0x08001699   Thumb Code   422  stm32f1xx_hal_dma.o(.text)
    HAL_DMA_PollForTransfer                  0x0800183f   Thumb Code  1614  stm32f1xx_hal_dma.o(.text)
    HAL_DMA_IRQHandler                       0x08001e8d   Thumb Code   922  stm32f1xx_hal_dma.o(.text)
    HAL_DMA_RegisterCallback                 0x08002227   Thumb Code    90  stm32f1xx_hal_dma.o(.text)
    HAL_DMA_UnRegisterCallback               0x08002281   Thumb Code   106  stm32f1xx_hal_dma.o(.text)
    HAL_DMA_GetState                         0x080022eb   Thumb Code     8  stm32f1xx_hal_dma.o(.text)
    HAL_DMA_GetError                         0x080022f3   Thumb Code     6  stm32f1xx_hal_dma.o(.text)
    HAL_NVIC_SetPriorityGrouping             0x08002321   Thumb Code    36  stm32f1xx_hal_cortex.o(.text)
    HAL_NVIC_SetPriority                     0x08002345   Thumb Code   124  stm32f1xx_hal_cortex.o(.text)
    HAL_NVIC_EnableIRQ                       0x080023c1   Thumb Code    26  stm32f1xx_hal_cortex.o(.text)
    HAL_NVIC_DisableIRQ                      0x080023db   Thumb Code    22  stm32f1xx_hal_cortex.o(.text)
    HAL_NVIC_SystemReset                     0x080023f1   Thumb Code    64  stm32f1xx_hal_cortex.o(.text)
    HAL_SYSTICK_Config                       0x08002431   Thumb Code    52  stm32f1xx_hal_cortex.o(.text)
    HAL_NVIC_GetPriorityGrouping             0x08002465   Thumb Code     8  stm32f1xx_hal_cortex.o(.text)
    HAL_NVIC_GetPriority                     0x0800246d   Thumb Code   138  stm32f1xx_hal_cortex.o(.text)
    HAL_NVIC_SetPendingIRQ                   0x080024f7   Thumb Code    24  stm32f1xx_hal_cortex.o(.text)
    HAL_NVIC_GetPendingIRQ                   0x0800250f   Thumb Code    38  stm32f1xx_hal_cortex.o(.text)
    HAL_NVIC_ClearPendingIRQ                 0x08002535   Thumb Code    22  stm32f1xx_hal_cortex.o(.text)
    HAL_NVIC_GetActive                       0x0800254b   Thumb Code    38  stm32f1xx_hal_cortex.o(.text)
    HAL_SYSTICK_CLKSourceConfig              0x08002571   Thumb Code    40  stm32f1xx_hal_cortex.o(.text)
    HAL_SYSTICK_Callback                     0x08002599   Thumb Code     2  stm32f1xx_hal_cortex.o(.text)
    HAL_SYSTICK_IRQHandler                   0x0800259b   Thumb Code     8  stm32f1xx_hal_cortex.o(.text)
    HAL_RCC_DeInit                           0x080025c5   Thumb Code    64  stm32f1xx_hal_rcc.o(.text)
    HAL_RCC_OscConfig                        0x08002629   Thumb Code  1090  stm32f1xx_hal_rcc.o(.text)
    HAL_RCC_GetSysClockFreq                  0x08002a6b   Thumb Code   118  stm32f1xx_hal_rcc.o(.text)
    HAL_RCC_ClockConfig                      0x08002ae1   Thumb Code   402  stm32f1xx_hal_rcc.o(.text)
    HAL_RCC_MCOConfig                        0x08002c73   Thumb Code    92  stm32f1xx_hal_rcc.o(.text)
    HAL_RCC_EnableCSS                        0x08002ccf   Thumb Code     8  stm32f1xx_hal_rcc.o(.text)
    HAL_RCC_DisableCSS                       0x08002cd7   Thumb Code     8  stm32f1xx_hal_rcc.o(.text)
    HAL_RCC_GetHCLKFreq                      0x08002cdf   Thumb Code     6  stm32f1xx_hal_rcc.o(.text)
    HAL_RCC_GetPCLK1Freq                     0x08002ce5   Thumb Code    22  stm32f1xx_hal_rcc.o(.text)
    HAL_RCC_GetPCLK2Freq                     0x08002cfb   Thumb Code    22  stm32f1xx_hal_rcc.o(.text)
    HAL_RCC_GetOscConfig                     0x08002d11   Thumb Code   254  stm32f1xx_hal_rcc.o(.text)
    HAL_RCC_GetClockConfig                   0x08002e0f   Thumb Code    58  stm32f1xx_hal_rcc.o(.text)
    HAL_RCC_CSSCallback                      0x08002e49   Thumb Code     2  stm32f1xx_hal_rcc.o(.text)
    HAL_RCC_NMI_IRQHandler                   0x08002e4b   Thumb Code    26  stm32f1xx_hal_rcc.o(.text)
    HAL_UART_Init                            0x08003031   Thumb Code   114  stm32f1xx_hal_uart.o(.text)
    HAL_HalfDuplex_Init                      0x080030a3   Thumb Code   118  stm32f1xx_hal_uart.o(.text)
    HAL_LIN_Init                             0x08003119   Thumb Code   134  stm32f1xx_hal_uart.o(.text)
    HAL_MultiProcessor_Init                  0x0800319f   Thumb Code   138  stm32f1xx_hal_uart.o(.text)
    HAL_UART_DeInit                          0x0800322b   Thumb Code    46  stm32f1xx_hal_uart.o(.text)
    HAL_UART_Transmit                        0x080032c9   Thumb Code   214  stm32f1xx_hal_uart.o(.text)
    HAL_UART_Receive                         0x0800339f   Thumb Code   222  stm32f1xx_hal_uart.o(.text)
    HAL_UART_Transmit_IT                     0x0800347d   Thumb Code    88  stm32f1xx_hal_uart.o(.text)
    HAL_UART_Receive_IT                      0x080034d5   Thumb Code   112  stm32f1xx_hal_uart.o(.text)
    HAL_UART_ErrorCallback                   0x08003545   Thumb Code     2  stm32f1xx_hal_uart.o(.text)
    HAL_UART_TxHalfCpltCallback              0x080035cb   Thumb Code     2  stm32f1xx_hal_uart.o(.text)
    HAL_UART_TxCpltCallback                  0x080035db   Thumb Code     2  stm32f1xx_hal_uart.o(.text)
    HAL_UART_Transmit_DMA                    0x08003613   Thumb Code   142  stm32f1xx_hal_uart.o(.text)
    HAL_UART_RxHalfCpltCallback              0x080036a1   Thumb Code     2  stm32f1xx_hal_uart.o(.text)
    HAL_UART_RxCpltCallback                  0x080036b1   Thumb Code     2  stm32f1xx_hal_uart.o(.text)
    HAL_UART_Receive_DMA                     0x080036f9   Thumb Code   182  stm32f1xx_hal_uart.o(.text)
    HAL_UART_DMAPause                        0x080037af   Thumb Code   124  stm32f1xx_hal_uart.o(.text)
    HAL_UART_DMAResume                       0x0800382b   Thumb Code   126  stm32f1xx_hal_uart.o(.text)
    HAL_UART_DMAStop                         0x080038a9   Thumb Code   102  stm32f1xx_hal_uart.o(.text)
    HAL_UART_Abort                           0x0800390f   Thumb Code   126  stm32f1xx_hal_uart.o(.text)
    HAL_UART_AbortTransmit                   0x0800398d   Thumb Code    68  stm32f1xx_hal_uart.o(.text)
    HAL_UART_AbortReceive                    0x080039d1   Thumb Code    80  stm32f1xx_hal_uart.o(.text)
    HAL_UART_AbortCpltCallback               0x08003a21   Thumb Code     2  stm32f1xx_hal_uart.o(.text)
    HAL_UART_Abort_IT                        0x08003aa1   Thumb Code   208  stm32f1xx_hal_uart.o(.text)
    HAL_UART_AbortTransmitCpltCallback       0x08003b71   Thumb Code     2  stm32f1xx_hal_uart.o(.text)
    HAL_UART_AbortTransmit_IT                0x08003b8b   Thumb Code   102  stm32f1xx_hal_uart.o(.text)
    HAL_UART_AbortReceiveCpltCallback        0x08003bf1   Thumb Code     2  stm32f1xx_hal_uart.o(.text)
    HAL_UART_AbortReceive_IT                 0x08003c0b   Thumb Code   114  stm32f1xx_hal_uart.o(.text)
    HAL_UART_IRQHandler                      0x08003dbf   Thumb Code   348  stm32f1xx_hal_uart.o(.text)
    HAL_LIN_SendBreak                        0x08003f1b   Thumb Code    62  stm32f1xx_hal_uart.o(.text)
    HAL_MultiProcessor_EnterMuteMode         0x08003f59   Thumb Code    62  stm32f1xx_hal_uart.o(.text)
    HAL_MultiProcessor_ExitMuteMode          0x08003f97   Thumb Code    62  stm32f1xx_hal_uart.o(.text)
    HAL_HalfDuplex_EnableTransmitter         0x08003fd5   Thumb Code    68  stm32f1xx_hal_uart.o(.text)
    HAL_HalfDuplex_EnableReceiver            0x08004019   Thumb Code    68  stm32f1xx_hal_uart.o(.text)
    HAL_UART_GetState                        0x0800405d   Thumb Code    20  stm32f1xx_hal_uart.o(.text)
    HAL_UART_GetError                        0x08004071   Thumb Code     6  stm32f1xx_hal_uart.o(.text)
    HAL_InitTick                             0x0800407b   Thumb Code    36  stm32f1xx_hal.o(.text)
    HAL_Init                                 0x0800409f   Thumb Code    34  stm32f1xx_hal.o(.text)
    HAL_MspDeInit                            0x080040c1   Thumb Code     2  stm32f1xx_hal.o(.text)
    HAL_DeInit                               0x080040c3   Thumb Code    30  stm32f1xx_hal.o(.text)
    HAL_IncTick                              0x080040e1   Thumb Code    12  stm32f1xx_hal.o(.text)
    HAL_GetTick                              0x080040ed   Thumb Code     6  stm32f1xx_hal.o(.text)
    HAL_Delay                                0x080040f3   Thumb Code    30  stm32f1xx_hal.o(.text)
    HAL_SuspendTick                          0x08004111   Thumb Code    18  stm32f1xx_hal.o(.text)
    HAL_ResumeTick                           0x08004123   Thumb Code    18  stm32f1xx_hal.o(.text)
    HAL_GetHalVersion                        0x08004135   Thumb Code     4  stm32f1xx_hal.o(.text)
    HAL_GetREVID                             0x08004139   Thumb Code     8  stm32f1xx_hal.o(.text)
    HAL_GetDEVID                             0x08004141   Thumb Code    10  stm32f1xx_hal.o(.text)
    HAL_DBGMCU_EnableDBGSleepMode            0x0800414b   Thumb Code    14  stm32f1xx_hal.o(.text)
    HAL_DBGMCU_DisableDBGSleepMode           0x08004159   Thumb Code    14  stm32f1xx_hal.o(.text)
    HAL_DBGMCU_EnableDBGStopMode             0x08004167   Thumb Code    14  stm32f1xx_hal.o(.text)
    HAL_DBGMCU_DisableDBGStopMode            0x08004175   Thumb Code    14  stm32f1xx_hal.o(.text)
    HAL_DBGMCU_EnableDBGStandbyMode          0x08004183   Thumb Code    14  stm32f1xx_hal.o(.text)
    HAL_DBGMCU_DisableDBGStandbyMode         0x08004191   Thumb Code    14  stm32f1xx_hal.o(.text)
    HAL_GetUID                               0x0800419f   Thumb Code    24  stm32f1xx_hal.o(.text)
    Reset_Handler                            0x080041d5   Thumb Code     8  startup_stm32f103xe.o(.text)
    SVC_Handler                              0x080041e7   Thumb Code     2  startup_stm32f103xe.o(.text)
    ADC1_2_IRQHandler                        0x080041ef   Thumb Code     0  startup_stm32f103xe.o(.text)
    ADC3_IRQHandler                          0x080041ef   Thumb Code     0  startup_stm32f103xe.o(.text)
    CAN1_RX1_IRQHandler                      0x080041ef   Thumb Code     0  startup_stm32f103xe.o(.text)
    CAN1_SCE_IRQHandler                      0x080041ef   Thumb Code     0  startup_stm32f103xe.o(.text)
    DMA1_Channel1_IRQHandler                 0x080041ef   Thumb Code     0  startup_stm32f103xe.o(.text)
    DMA1_Channel2_IRQHandler                 0x080041ef   Thumb Code     0  startup_stm32f103xe.o(.text)
    DMA1_Channel3_IRQHandler                 0x080041ef   Thumb Code     0  startup_stm32f103xe.o(.text)
    DMA1_Channel4_IRQHandler                 0x080041ef   Thumb Code     0  startup_stm32f103xe.o(.text)
    DMA1_Channel5_IRQHandler                 0x080041ef   Thumb Code     0  startup_stm32f103xe.o(.text)
    DMA1_Channel6_IRQHandler                 0x080041ef   Thumb Code     0  startup_stm32f103xe.o(.text)
    DMA1_Channel7_IRQHandler                 0x080041ef   Thumb Code     0  startup_stm32f103xe.o(.text)
    DMA2_Channel1_IRQHandler                 0x080041ef   Thumb Code     0  startup_stm32f103xe.o(.text)
    DMA2_Channel2_IRQHandler                 0x080041ef   Thumb Code     0  startup_stm32f103xe.o(.text)
    DMA2_Channel3_IRQHandler                 0x080041ef   Thumb Code     0  startup_stm32f103xe.o(.text)
    DMA2_Channel4_5_IRQHandler               0x080041ef   Thumb Code     0  startup_stm32f103xe.o(.text)
    FLASH_IRQHandler                         0x080041ef   Thumb Code     0  startup_stm32f103xe.o(.text)
    FSMC_IRQHandler                          0x080041ef   Thumb Code     0  startup_stm32f103xe.o(.text)
    I2C1_ER_IRQHandler                       0x080041ef   Thumb Code     0  startup_stm32f103xe.o(.text)
    I2C1_EV_IRQHandler                       0x080041ef   Thumb Code     0  startup_stm32f103xe.o(.text)
    I2C2_ER_IRQHandler                       0x080041ef   Thumb Code     0  startup_stm32f103xe.o(.text)
    I2C2_EV_IRQHandler                       0x080041ef   Thumb Code     0  startup_stm32f103xe.o(.text)
    PVD_IRQHandler                           0x080041ef   Thumb Code     0  startup_stm32f103xe.o(.text)
    RCC_IRQHandler                           0x080041ef   Thumb Code     0  startup_stm32f103xe.o(.text)
    RTC_Alarm_IRQHandler                     0x080041ef   Thumb Code     0  startup_stm32f103xe.o(.text)
    RTC_IRQHandler                           0x080041ef   Thumb Code     0  startup_stm32f103xe.o(.text)
    SDIO_IRQHandler                          0x080041ef   Thumb Code     0  startup_stm32f103xe.o(.text)
    SPI1_IRQHandler                          0x080041ef   Thumb Code     0  startup_stm32f103xe.o(.text)
    SPI2_IRQHandler                          0x080041ef   Thumb Code     0  startup_stm32f103xe.o(.text)
    SPI3_IRQHandler                          0x080041ef   Thumb Code     0  startup_stm32f103xe.o(.text)
    TAMPER_IRQHandler                        0x080041ef   Thumb Code     0  startup_stm32f103xe.o(.text)
    TIM1_BRK_IRQHandler                      0x080041ef   Thumb Code     0  startup_stm32f103xe.o(.text)
    TIM1_CC_IRQHandler                       0x080041ef   Thumb Code     0  startup_stm32f103xe.o(.text)
    TIM1_TRG_COM_IRQHandler                  0x080041ef   Thumb Code     0  startup_stm32f103xe.o(.text)
    TIM1_UP_IRQHandler                       0x080041ef   Thumb Code     0  startup_stm32f103xe.o(.text)
    TIM2_IRQHandler                          0x080041ef   Thumb Code     0  startup_stm32f103xe.o(.text)
    TIM3_IRQHandler                          0x080041ef   Thumb Code     0  startup_stm32f103xe.o(.text)
    TIM4_IRQHandler                          0x080041ef   Thumb Code     0  startup_stm32f103xe.o(.text)
    TIM5_IRQHandler                          0x080041ef   Thumb Code     0  startup_stm32f103xe.o(.text)
    TIM6_IRQHandler                          0x080041ef   Thumb Code     0  startup_stm32f103xe.o(.text)
    TIM7_IRQHandler                          0x080041ef   Thumb Code     0  startup_stm32f103xe.o(.text)
    TIM8_BRK_IRQHandler                      0x080041ef   Thumb Code     0  startup_stm32f103xe.o(.text)
    TIM8_CC_IRQHandler                       0x080041ef   Thumb Code     0  startup_stm32f103xe.o(.text)
    TIM8_TRG_COM_IRQHandler                  0x080041ef   Thumb Code     0  startup_stm32f103xe.o(.text)
    TIM8_UP_IRQHandler                       0x080041ef   Thumb Code     0  startup_stm32f103xe.o(.text)
    UART4_IRQHandler                         0x080041ef   Thumb Code     0  startup_stm32f103xe.o(.text)
    UART5_IRQHandler                         0x080041ef   Thumb Code     0  startup_stm32f103xe.o(.text)
    USART2_IRQHandler                        0x080041ef   Thumb Code     0  startup_stm32f103xe.o(.text)
    USART3_IRQHandler                        0x080041ef   Thumb Code     0  startup_stm32f103xe.o(.text)
    USBWakeUp_IRQHandler                     0x080041ef   Thumb Code     0  startup_stm32f103xe.o(.text)
    USB_HP_CAN1_TX_IRQHandler                0x080041ef   Thumb Code     0  startup_stm32f103xe.o(.text)
    USB_LP_CAN1_RX0_IRQHandler               0x080041ef   Thumb Code     0  startup_stm32f103xe.o(.text)
    WWDG_IRQHandler                          0x080041ef   Thumb Code     0  startup_stm32f103xe.o(.text)
    rt_system_tick_init                      0x080041f9   Thumb Code     2  clock.o(.text)
    rt_tick_get                              0x080041fb   Thumb Code     6  clock.o(.text)
    rt_tick_set                              0x08004201   Thumb Code    22  clock.o(.text)
    rt_tick_increase                         0x08004217   Thumb Code    42  clock.o(.text)
    rt_tick_from_millisecond                 0x08004241   Thumb Code    30  clock.o(.text)
    rt_components_board_init                 0x08004275   Thumb Code    20  components.o(.text)
    rt_components_init                       0x08004289   Thumb Code    20  components.o(.text)
    main_thread_entry                        0x0800429d   Thumb Code    14  components.o(.text)
    rt_application_init                      0x080042ab   Thumb Code    48  components.o(.text)
    rtthread_startup                         0x080042db   Thumb Code    46  components.o(.text)
    main                                     0x08004309   Thumb Code    14  components.o(.text)
    rt_device_find                           0x08004341   Thumb Code    94  device.o(.text)
    rt_device_register                       0x0800439f   Thumb Code    52  device.o(.text)
    rt_device_unregister                     0x080043d3   Thumb Code    64  device.o(.text)
    rt_device_init_all                       0x08004413   Thumb Code     4  device.o(.text)
    rt_device_create                         0x08004417   Thumb Code    46  device.o(.text)
    rt_device_destroy                        0x08004445   Thumb Code    68  device.o(.text)
    rt_device_init                           0x08004489   Thumb Code    64  device.o(.text)
    rt_device_open                           0x080044c9   Thumb Code   174  device.o(.text)
    rt_device_close                          0x08004577   Thumb Code    92  device.o(.text)
    rt_device_read                           0x080045d3   Thumb Code    98  device.o(.text)
    rt_device_write                          0x08004635   Thumb Code    98  device.o(.text)
    rt_device_control                        0x08004697   Thumb Code    66  device.o(.text)
    rt_device_set_rx_indicate                0x080046d9   Thumb Code    48  device.o(.text)
    rt_device_set_tx_complete                0x08004709   Thumb Code   360  device.o(.text)
    rt_thread_idle_sethook                   0x08004871   Thumb Code    58  idle.o(.text)
    rt_thread_idle_delhook                   0x080048ab   Thumb Code    62  idle.o(.text)
    rt_thread_idle_excute                    0x080048e9   Thumb Code   178  idle.o(.text)
    rt_thread_idle_init                      0x080049bd   Thumb Code    38  idle.o(.text)
    rt_thread_idle_gethandler                0x080049e3   Thumb Code     4  idle.o(.text)
    rt_sem_init                              0x08004af1   Thumb Code    50  ipc.o(.text)
    rt_sem_detach                            0x08004b23   Thumb Code    72  ipc.o(.text)
    rt_sem_create                            0x08004b6b   Thumb Code    84  ipc.o(.text)
    rt_sem_delete                            0x08004bbf   Thumb Code   120  ipc.o(.text)
    rt_sem_take                              0x08004c37   Thumb Code   288  ipc.o(.text)
    rt_sem_trytake                           0x08004d57   Thumb Code    14  ipc.o(.text)
    rt_sem_release                           0x08004d65   Thumb Code   116  ipc.o(.text)
    rt_sem_control                           0x08004dd9   Thumb Code    90  ipc.o(.text)
    rt_mutex_init                            0x08004e33   Thumb Code    58  ipc.o(.text)
    rt_mutex_detach                          0x08004e6d   Thumb Code    78  ipc.o(.text)
    rt_mutex_create                          0x08004ebb   Thumb Code   454  ipc.o(.text)
    rt_mutex_delete                          0x08005081   Thumb Code   126  ipc.o(.text)
    rt_mutex_take                            0x080050ff   Thumb Code   374  ipc.o(.text)
    rt_mutex_release                         0x08005275   Thumb Code   310  ipc.o(.text)
    rt_mutex_control                         0x080053ab   Thumb Code    52  ipc.o(.text)
    rt_event_init                            0x080053df   Thumb Code    46  ipc.o(.text)
    rt_event_detach                          0x0800540d   Thumb Code    78  ipc.o(.text)
    rt_event_create                          0x0800545b   Thumb Code   276  ipc.o(.text)
    rt_event_delete                          0x0800556f   Thumb Code   126  ipc.o(.text)
    rt_event_send                            0x080055ed   Thumb Code   234  ipc.o(.text)
    rt_event_recv                            0x080056d7   Thumb Code   402  ipc.o(.text)
    rt_event_control                         0x08005869   Thumb Code    92  ipc.o(.text)
    rt_mb_init                               0x080058c5   Thumb Code    76  ipc.o(.text)
    rt_mb_detach                             0x08005911   Thumb Code   216  ipc.o(.text)
    rt_mb_create                             0x080059e9   Thumb Code   128  ipc.o(.text)
    rt_mb_delete                             0x08005a69   Thumb Code   140  ipc.o(.text)
    rt_mb_send_wait                          0x08005af5   Thumb Code   400  ipc.o(.text)
    rt_mb_send                               0x08005c85   Thumb Code    18  ipc.o(.text)
    rt_mb_recv                               0x08005c97   Thumb Code   576  ipc.o(.text)
    rt_mb_control                            0x08005ed7   Thumb Code   104  ipc.o(.text)
    rt_mq_init                               0x08005f3f   Thumb Code   118  ipc.o(.text)
    rt_mq_detach                             0x08005fb5   Thumb Code    78  ipc.o(.text)
    rt_mq_delete                             0x08006003   Thumb Code   126  ipc.o(.text)
    rt_mq_create                             0x08006081   Thumb Code   170  ipc.o(.text)
    rt_mq_send                               0x0800612b   Thumb Code   222  ipc.o(.text)
    rt_mq_urgent                             0x08006209   Thumb Code   426  ipc.o(.text)
    rt_mq_recv                               0x080063b3   Thumb Code   458  ipc.o(.text)
    rt_mq_control                            0x0800657d   Thumb Code   120  ipc.o(.text)
    rt_interrupt_enter_sethook               0x0800664d   Thumb Code     6  irq.o(.text)
    rt_interrupt_leave_sethook               0x08006653   Thumb Code     6  irq.o(.text)
    rt_interrupt_enter                       0x08006659   Thumb Code    46  irq.o(.text)
    rt_interrupt_leave                       0x08006687   Thumb Code    46  irq.o(.text)
    rt_interrupt_get_nest                    0x080066b5   Thumb Code     6  irq.o(.text)
    rt_get_errno                             0x080066c9   Thumb Code    32  kservice.o(.text)
    rt_set_errno                             0x080066e9   Thumb Code    36  kservice.o(.text)
    _rt_errno                                0x0800670d   Thumb Code    30  kservice.o(.text)
    rt_memset                                0x0800672b   Thumb Code    72  kservice.o(.text)
    rt_memcpy                                0x08006773   Thumb Code   124  kservice.o(.text)
    rt_memmove                               0x080067ef   Thumb Code    66  kservice.o(.text)
    rt_memcmp                                0x08006831   Thumb Code    38  kservice.o(.text)
    rt_strlen                                0x08006857   Thumb Code    18  kservice.o(.text)
    rt_strstr                                0x08006869   Thumb Code    58  kservice.o(.text)
    rt_strcasecmp                            0x080068a3   Thumb Code    48  kservice.o(.text)
    rt_strncpy                               0x080068d3   Thumb Code    52  kservice.o(.text)
    rt_strncmp                               0x08006907   Thumb Code    40  kservice.o(.text)
    rt_strcmp                                0x0800692f   Thumb Code    28  kservice.o(.text)
    rt_strnlen                               0x0800694b   Thumb Code    24  kservice.o(.text)
    rt_strdup                                0x08006963   Thumb Code    40  kservice.o(.text)
    strdup                                   0x08006963   Thumb Code     0  kservice.o(.text)
    rt_hw_console_output                     0x0800698b   Thumb Code     2  kservice.o(.text)
    rt_vsnprintf                             0x08006b43   Thumb Code   800  kservice.o(.text)
    rt_kprintf                               0x08006e63   Thumb Code    96  kservice.o(.text)
    rt_show_version                          0x08006ec3   Thumb Code    38  kservice.o(.text)
    rt_snprintf                              0x08006ee9   Thumb Code    38  kservice.o(.text)
    rt_vsprintf                              0x08006f0f   Thumb Code    22  kservice.o(.text)
    rt_sprintf                               0x08006f25   Thumb Code    34  kservice.o(.text)
    rt_console_get_device                    0x08006f47   Thumb Code     6  kservice.o(.text)
    rt_console_set_device                    0x08006f4d   Thumb Code    48  kservice.o(.text)
    rt_kputs                                 0x08006f7d   Thumb Code    78  kservice.o(.text)
    rt_malloc_align                          0x08006fcb   Thumb Code    66  kservice.o(.text)
    rt_free_align                            0x0800700d   Thumb Code    16  kservice.o(.text)
    __rt_ffs                                 0x0800701d   Thumb Code    70  kservice.o(.text)
    rt_assert_set_hook                       0x08007063   Thumb Code     6  kservice.o(.text)
    rt_assert_handler                        0x08007069   Thumb Code    56  kservice.o(.text)
    rt_malloc_sethook                        0x08007179   Thumb Code     6  mem.o(.text)
    rt_free_sethook                          0x0800717f   Thumb Code     6  mem.o(.text)
    rt_system_heap_init                      0x08007225   Thumb Code   204  mem.o(.text)
    rt_malloc                                0x080072f1   Thumb Code   522  mem.o(.text)
    rt_free                                  0x080074fb   Thumb Code   688  mem.o(.text)
    rt_realloc                               0x080077ab   Thumb Code   324  mem.o(.text)
    rt_calloc                                0x080078ef   Thumb Code    84  mem.o(.text)
    rt_memory_info                           0x08007943   Thumb Code    26  mem.o(.text)
    list_mem                                 0x0800795d   Thumb Code    34  mem.o(.text)
    rt_mp_alloc_sethook                      0x08007a6d   Thumb Code     6  mempool.o(.text)
    rt_mp_free_sethook                       0x08007a73   Thumb Code     6  mempool.o(.text)
    rt_mp_init                               0x08007a79   Thumb Code   128  mempool.o(.text)
    rt_mp_detach                             0x08007af9   Thumb Code   114  mempool.o(.text)
    rt_mp_create                             0x08007b6b   Thumb Code   174  mempool.o(.text)
    rt_mp_delete                             0x08007c19   Thumb Code   172  mempool.o(.text)
    rt_mp_alloc                              0x08007cc5   Thumb Code   278  mempool.o(.text)
    rt_mp_free                               0x08007ddb   Thumb Code    98  mempool.o(.text)
    rt_object_attach_sethook                 0x08007f7d   Thumb Code     6  object.o(.text)
    rt_object_detach_sethook                 0x08007f83   Thumb Code     6  object.o(.text)
    rt_object_trytake_sethook                0x08007f89   Thumb Code     6  object.o(.text)
    rt_object_take_sethook                   0x08007f8f   Thumb Code     6  object.o(.text)
    rt_object_put_sethook                    0x08007f95   Thumb Code     6  object.o(.text)
    rt_system_object_init                    0x08007f9b   Thumb Code     2  object.o(.text)
    rt_object_get_information                0x08007f9d   Thumb Code    36  object.o(.text)
    rt_object_init                           0x08007fc1   Thumb Code    92  object.o(.text)
    rt_object_detach                         0x0800801d   Thumb Code    62  object.o(.text)
    rt_object_allocate                       0x0800805b   Thumb Code   158  object.o(.text)
    rt_object_delete                         0x080080f9   Thumb Code    88  object.o(.text)
    rt_object_is_systemobject                0x08008151   Thumb Code    34  object.o(.text)
    rt_object_get_type                       0x08008173   Thumb Code    26  object.o(.text)
    rt_object_find                           0x0800818d   Thumb Code   142  object.o(.text)
    rt_scheduler_sethook                     0x080082d5   Thumb Code     6  scheduler.o(.text)
    rt_system_scheduler_init                 0x08008335   Thumb Code    56  scheduler.o(.text)
    rt_system_scheduler_start                0x0800836d   Thumb Code    36  scheduler.o(.text)
    rt_schedule                              0x08008391   Thumb Code   160  scheduler.o(.text)
    rt_schedule_insert_thread                0x08008431   Thumb Code    90  scheduler.o(.text)
    rt_schedule_remove_thread                0x0800848b   Thumb Code    94  scheduler.o(.text)
    rt_enter_critical                        0x080084e9   Thumb Code    28  scheduler.o(.text)
    rt_exit_critical                         0x08008505   Thumb Code    54  scheduler.o(.text)
    rt_critical_level                        0x0800853b   Thumb Code     8  scheduler.o(.text)
    rt_thread_handle_sig                     0x080085df   Thumb Code   156  signal.o(.text)
    rt_thread_alloc_sig                      0x0800874d   Thumb Code    62  signal.o(.text)
    rt_signal_install                        0x0800878b   Thumb Code    98  signal.o(.text)
    rt_signal_mask                           0x080087ed   Thumb Code    34  signal.o(.text)
    rt_signal_unmask                         0x0800880f   Thumb Code    56  signal.o(.text)
    rt_signal_wait                           0x08008847   Thumb Code   346  signal.o(.text)
    rt_thread_free_sig                       0x080089a1   Thumb Code    66  signal.o(.text)
    rt_thread_kill                           0x080089e3   Thumb Code   236  signal.o(.text)
    rt_system_signal_init                    0x08008acf   Thumb Code    38  signal.o(.text)
    rt_timer_timeout_sethook                 0x08008baf   Thumb Code     6  timer.o(.text)
    rt_timer_init                            0x08008c41   Thumb Code    58  timer.o(.text)
    rt_timer_detach                          0x08008c7b   Thumb Code    82  timer.o(.text)
    rt_timer_create                          0x08008ccd   Thumb Code    54  timer.o(.text)
    rt_timer_delete                          0x08008d03   Thumb Code    88  timer.o(.text)
    rt_timer_start                           0x08008d5b   Thumb Code   314  timer.o(.text)
    rt_timer_stop                            0x08008e95   Thumb Code   102  timer.o(.text)
    rt_timer_control                         0x08008efb   Thumb Code    98  timer.o(.text)
    rt_timer_check                           0x08008f5d   Thumb Code   416  timer.o(.text)
    rt_timer_next_timeout_tick               0x080090fd   Thumb Code    10  timer.o(.text)
    rt_system_timer_init                     0x08009107   Thumb Code    24  timer.o(.text)
    rt_system_timer_thread_init              0x0800911f   Thumb Code     2  timer.o(.text)
    rt_thread_suspend_sethook                0x0800915d   Thumb Code     6  thread.o(.text)
    rt_thread_resume_sethook                 0x08009163   Thumb Code     6  thread.o(.text)
    rt_thread_inited_sethook                 0x08009169   Thumb Code     6  thread.o(.text)
    rt_thread_exit                           0x0800916f   Thumb Code    78  thread.o(.text)
    rt_thread_timeout                        0x080091bd   Thumb Code    90  thread.o(.text)
    rt_thread_init                           0x080092c3   Thumb Code    74  thread.o(.text)
    rt_thread_self                           0x0800930d   Thumb Code     6  thread.o(.text)
    rt_thread_resume                         0x08009313   Thumb Code   120  thread.o(.text)
    rt_thread_startup                        0x0800938b   Thumb Code   108  thread.o(.text)
    rt_thread_detach                         0x080093f7   Thumb Code   126  thread.o(.text)
    rt_thread_create                         0x08009475   Thumb Code    80  thread.o(.text)
    rt_thread_delete                         0x080094c5   Thumb Code   114  thread.o(.text)
    rt_thread_yield                          0x08009537   Thumb Code   454  thread.o(.text)
    rt_thread_suspend                        0x080096fd   Thumb Code   130  thread.o(.text)
    rt_thread_sleep                          0x0800977f   Thumb Code    98  thread.o(.text)
    rt_thread_delay                          0x080097e1   Thumb Code    12  thread.o(.text)
    rt_thread_mdelay                         0x080097ed   Thumb Code    20  thread.o(.text)
    rt_thread_control                        0x08009801   Thumb Code   154  thread.o(.text)
    rt_thread_find                           0x0800989b   Thumb Code    96  thread.o(.text)
    rt_hw_stack_init                         0x08009935   Thumb Code    70  cpuport.o(.text)
    rt_hw_exception_install                  0x0800997b   Thumb Code     6  cpuport.o(.text)
    rt_hw_hard_fault_exception               0x08009b5f   Thumb Code   198  cpuport.o(.text)
    rt_hw_cpu_shutdown                       0x08009c25   Thumb Code    22  cpuport.o(.text)
    rt_hw_interrupt_disable                  0x08009f09   Thumb Code     8  context_rvds.o(.text)
    rt_hw_interrupt_enable                   0x08009f11   Thumb Code     6  context_rvds.o(.text)
    rt_hw_context_switch                     0x08009f17   Thumb Code    32  context_rvds.o(.text)
    rt_hw_context_switch_interrupt           0x08009f17   Thumb Code     0  context_rvds.o(.text)
    PendSV_Handler                           0x08009f37   Thumb Code    60  context_rvds.o(.text)
    rt_hw_context_switch_to                  0x08009f73   Thumb Code    58  context_rvds.o(.text)
    rt_hw_interrupt_thread_switch            0x08009fad   Thumb Code     2  context_rvds.o(.text)
    HardFault_Handler                        0x08009faf   Thumb Code    48  context_rvds.o(.text)
    rt_device_pin_register                   0x0800a0a9   Thumb Code    56  pin.o(.text)
    rt_pin_attach_irq                        0x0800a0e1   Thumb Code    60  pin.o(.text)
    rt_pin_dettach_irq                       0x0800a11d   Thumb Code    46  pin.o(.text)
    rt_pin_irq_enable                        0x0800a14b   Thumb Code    50  pin.o(.text)
    rt_pin_mode                              0x0800a17d   Thumb Code    38  pin.o(.text)
    rt_pin_write                             0x0800a1a3   Thumb Code    38  pin.o(.text)
    rt_pin_read                              0x0800a1c9   Thumb Code    34  pin.o(.text)
    rt_hw_serial_register                    0x0800a541   Thumb Code    80  serial.o(.text)
    rt_hw_serial_isr                         0x0800a591   Thumb Code   316  serial.o(.text)
    finsh_get_prompt                         0x0800a779   Thumb Code    38  shell.o(.text)
    finsh_set_device                         0x0800a7fd   Thumb Code   156  shell.o(.text)
    finsh_get_device                         0x0800a899   Thumb Code    28  shell.o(.text)
    finsh_set_echo                           0x0800a8b5   Thumb Code    30  shell.o(.text)
    finsh_get_echo                           0x0800a8d3   Thumb Code    32  shell.o(.text)
    finsh_thread_entry                       0x0800aa15   Thumb Code  1358  shell.o(.text)
    finsh_system_function_init               0x0800af63   Thumb Code    10  shell.o(.text)
    finsh_system_var_init                    0x0800af6d   Thumb Code    10  shell.o(.text)
    finsh_system_init                        0x0800af77   Thumb Code    96  shell.o(.text)
    hello                                    0x0800b049   Thumb Code    12  cmd.o(.text)
    version                                  0x0800b055   Thumb Code    10  cmd.o(.text)
    list_thread                              0x0800b167   Thumb Code    18  cmd.o(.text)
    list_sem                                 0x0800b22f   Thumb Code    18  cmd.o(.text)
    list_event                               0x0800b2c3   Thumb Code    18  cmd.o(.text)
    list_mutex                               0x0800b335   Thumb Code    18  cmd.o(.text)
    list_mailbox                             0x0800b3dd   Thumb Code    18  cmd.o(.text)
    list_msgqueue                            0x0800b747   Thumb Code    18  cmd.o(.text)
    list_memheap                             0x0800b7ad   Thumb Code    18  cmd.o(.text)
    list_mempool                             0x0800b849   Thumb Code    18  cmd.o(.text)
    list_timer                               0x0800b8cf   Thumb Code    18  cmd.o(.text)
    list_device                              0x0800b94f   Thumb Code    18  cmd.o(.text)
    list                                     0x0800b961   Thumb Code    54  cmd.o(.text)
    msh_is_used                              0x0800bc31   Thumb Code     4  msh.o(.text)
    msh_help                                 0x0800bc35   Thumb Code    66  msh.o(.text)
    msh_exec                                 0x0800be15   Thumb Code    82  msh.o(.text)
    msh_auto_complete                        0x0800be87   Thumb Code   138  msh.o(.text)
    cmd_ps                                   0x0800bf99   Thumb Code    14  msh_cmd.o(.text)
    cmd_time                                 0x0800bfa7   Thumb Code     6  msh_cmd.o(.text)
    cmd_free                                 0x0800bfad   Thumb Code    14  msh_cmd.o(.text)
    thread1_entry                            0x0800bfbd   Thumb Code    76  dynmem_sample.o(.text)
    dynmem_sample                            0x0800c009   Thumb Code    40  dynmem_sample.o(.text)
    event_sample                             0x0800c121   Thumb Code   104  event_sample.o(.text)
    idle_hook_sample                         0x0800c30d   Thumb Code    52  idlehook_sample.o(.text)
    thread_entry                             0x0800c3c9   Thumb Code    52  interrupt_sample.o(.text)
    interrupt_sample                         0x0800c3fd   Thumb Code    74  interrupt_sample.o(.text)
    mailbox_sample                           0x0800c4f7   Thumb Code   112  mailbox_sample.o(.text)
    mempool_sample                           0x0800c685   Thumb Code   122  memp_sample.o(.text)
    msgq_sample                              0x0800c833   Thumb Code   118  msgq_sample.o(.text)
    mutex_sample                             0x0800ca63   Thumb Code   108  mutex_sample.o(.text)
    pri_inversion                            0x0800cc5f   Thumb Code   156  priority_inversion.o(.text)
    producer_thread_entry                    0x0800cdd5   Thumb Code   120  producer_consumer.o(.text)
    consumer_thread_entry                    0x0800ce4d   Thumb Code   156  producer_consumer.o(.text)
    producer_consumer                        0x0800cee9   Thumb Code   162  producer_consumer.o(.text)
    scheduler_hook                           0x0800d0d7   Thumb Code    92  scheduler_hook.o(.text)
    semaphore_sample                         0x0800d203   Thumb Code   118  semaphore_sample.o(.text)
    thread1_signal_handler                   0x0800d381   Thumb Code    14  signal_sample.o(.text)
    signal_sample                            0x0800d3bd   Thumb Code    64  signal_sample.o(.text)
    thread_sample                            0x0800d475   Thumb Code    84  thread_sample.o(.text)
    timer_sample                             0x0800d55f   Thumb Code    74  timer_sample.o(.text)
    timeslice_sample                         0x0800d655   Thumb Code    70  timeslice_sample.o(.text)
    __aeabi_memcpy                           0x0800d6dd   Thumb Code    36  memcpya.o(.text)
    __aeabi_memcpy4                          0x0800d6dd   Thumb Code     0  memcpya.o(.text)
    __aeabi_memcpy8                          0x0800d6dd   Thumb Code     0  memcpya.o(.text)
    __aeabi_memset                           0x0800d701   Thumb Code    14  memseta.o(.text)
    __aeabi_memset4                          0x0800d701   Thumb Code     0  memseta.o(.text)
    __aeabi_memset8                          0x0800d701   Thumb Code     0  memseta.o(.text)
    __aeabi_memclr                           0x0800d70f   Thumb Code     4  memseta.o(.text)
    __aeabi_memclr4                          0x0800d70f   Thumb Code     0  memseta.o(.text)
    __aeabi_memclr8                          0x0800d70f   Thumb Code     0  memseta.o(.text)
    _memset$wrapper                          0x0800d713   Thumb Code    18  memseta.o(.text)
    strcat                                   0x0800d725   Thumb Code    24  strcat.o(.text)
    strlen                                   0x0800d73d   Thumb Code    14  strlen.o(.text)
    memcmp                                   0x0800d74b   Thumb Code    26  memcmp.o(.text)
    strcpy                                   0x0800d765   Thumb Code    18  strcpy.o(.text)
    strncmp                                  0x0800d777   Thumb Code    30  strncmp.o(.text)
    __scatterload                            0x0800d795   Thumb Code    28  init.o(.text)
    __scatterload_rt2                        0x0800d795   Thumb Code     0  init.o(.text)
    __decompress                             0x0800d7b9   Thumb Code     0  __dczerorl2.o(.text)
    __decompress1                            0x0800d7b9   Thumb Code    86  __dczerorl2.o(.text)
    __scatterload_copy                       0x0800d80f   Thumb Code    14  handlers.o(i.__scatterload_copy)
    __scatterload_null                       0x0800d81d   Thumb Code     2  handlers.o(i.__scatterload_null)
    __scatterload_zeroinit                   0x0800d81f   Thumb Code    14  handlers.o(i.__scatterload_zeroinit)
    AHBPrescTable                            0x0800e217   Data          16  system_stm32f1xx.o(.constdata)
    APBPrescTable                            0x0800e227   Data           8  system_stm32f1xx.o(.constdata)
    __lowest_bit_bitmap                      0x0800e519   Data         256  kservice.o(.constdata)
    __fsym___cmd_rtt_task3_name              0x0800ef1d   Data          16  main.o(.rodata.name)
    __fsym___cmd_rtt_task3_desc              0x0800ef2d   Data          10  main.o(.rodata.name)
    __fsym_list_mem_name                     0x0800ef37   Data           9  mem.o(.rodata.name)
    __fsym_list_mem_desc                     0x0800ef40   Data          30  mem.o(.rodata.name)
    __fsym_pinMode_name                      0x0800ef5e   Data           8  pin.o(.rodata.name)
    __fsym_pinMode_desc                      0x0800ef66   Data          22  pin.o(.rodata.name)
    __fsym_pinWrite_name                     0x0800ef7c   Data           9  pin.o(.rodata.name)
    __fsym_pinWrite_desc                     0x0800ef85   Data          28  pin.o(.rodata.name)
    __fsym_pinRead_name                      0x0800efa1   Data           8  pin.o(.rodata.name)
    __fsym_pinRead_desc                      0x0800efa9   Data          30  pin.o(.rodata.name)
    __fsym_hello_name                        0x0800efc7   Data           6  cmd.o(.rodata.name)
    __fsym_hello_desc                        0x0800efcd   Data          16  cmd.o(.rodata.name)
    __fsym_version_name                      0x0800efdd   Data           8  cmd.o(.rodata.name)
    __fsym_version_desc                      0x0800efe5   Data          35  cmd.o(.rodata.name)
    __fsym___cmd_version_name                0x0800f008   Data          14  cmd.o(.rodata.name)
    __fsym___cmd_version_desc                0x0800f016   Data          35  cmd.o(.rodata.name)
    __fsym_list_thread_name                  0x0800f039   Data          12  cmd.o(.rodata.name)
    __fsym_list_thread_desc                  0x0800f045   Data          12  cmd.o(.rodata.name)
    __fsym___cmd_list_thread_name            0x0800f051   Data          18  cmd.o(.rodata.name)
    __fsym___cmd_list_thread_desc            0x0800f063   Data          12  cmd.o(.rodata.name)
    __fsym_list_sem_name                     0x0800f06f   Data           9  cmd.o(.rodata.name)
    __fsym_list_sem_desc                     0x0800f078   Data          25  cmd.o(.rodata.name)
    __fsym___cmd_list_sem_name               0x0800f091   Data          15  cmd.o(.rodata.name)
    __fsym___cmd_list_sem_desc               0x0800f0a0   Data          25  cmd.o(.rodata.name)
    __fsym_list_event_name                   0x0800f0b9   Data          11  cmd.o(.rodata.name)
    __fsym_list_event_desc                   0x0800f0c4   Data          21  cmd.o(.rodata.name)
    __fsym___cmd_list_event_name             0x0800f0d9   Data          17  cmd.o(.rodata.name)
    __fsym___cmd_list_event_desc             0x0800f0ea   Data          21  cmd.o(.rodata.name)
    __fsym_list_mutex_name                   0x0800f0ff   Data          11  cmd.o(.rodata.name)
    __fsym_list_mutex_desc                   0x0800f10a   Data          21  cmd.o(.rodata.name)
    __fsym___cmd_list_mutex_name             0x0800f11f   Data          17  cmd.o(.rodata.name)
    __fsym___cmd_list_mutex_desc             0x0800f130   Data          21  cmd.o(.rodata.name)
    __fsym_list_mailbox_name                 0x0800f145   Data          13  cmd.o(.rodata.name)
    __fsym_list_mailbox_desc                 0x0800f152   Data          24  cmd.o(.rodata.name)
    __fsym___cmd_list_mailbox_name           0x0800f16a   Data          19  cmd.o(.rodata.name)
    __fsym___cmd_list_mailbox_desc           0x0800f17d   Data          24  cmd.o(.rodata.name)
    __fsym_list_msgqueue_name                0x0800f195   Data          14  cmd.o(.rodata.name)
    __fsym_list_msgqueue_desc                0x0800f1a3   Data          29  cmd.o(.rodata.name)
    __fsym___cmd_list_msgqueue_name          0x0800f1c0   Data          20  cmd.o(.rodata.name)
    __fsym___cmd_list_msgqueue_desc          0x0800f1d4   Data          29  cmd.o(.rodata.name)
    __fsym_list_memheap_name                 0x0800f1f1   Data          13  cmd.o(.rodata.name)
    __fsym_list_memheap_desc                 0x0800f1fe   Data          27  cmd.o(.rodata.name)
    __fsym___cmd_list_memheap_name           0x0800f219   Data          19  cmd.o(.rodata.name)
    __fsym___cmd_list_memheap_desc           0x0800f22c   Data          27  cmd.o(.rodata.name)
    __fsym_list_mempool_name                 0x0800f247   Data          13  cmd.o(.rodata.name)
    __fsym_list_mempool_desc                 0x0800f254   Data          27  cmd.o(.rodata.name)
    __fsym___cmd_list_mempool_name           0x0800f26f   Data          19  cmd.o(.rodata.name)
    __fsym___cmd_list_mempool_desc           0x0800f282   Data          27  cmd.o(.rodata.name)
    __fsym_list_timer_name                   0x0800f29d   Data          11  cmd.o(.rodata.name)
    __fsym_list_timer_desc                   0x0800f2a8   Data          21  cmd.o(.rodata.name)
    __fsym___cmd_list_timer_name             0x0800f2bd   Data          17  cmd.o(.rodata.name)
    __fsym___cmd_list_timer_desc             0x0800f2ce   Data          21  cmd.o(.rodata.name)
    __fsym_list_device_name                  0x0800f2e3   Data          12  cmd.o(.rodata.name)
    __fsym_list_device_desc                  0x0800f2ef   Data          22  cmd.o(.rodata.name)
    __fsym___cmd_list_device_name            0x0800f305   Data          18  cmd.o(.rodata.name)
    __fsym___cmd_list_device_desc            0x0800f317   Data          22  cmd.o(.rodata.name)
    __fsym_list_name                         0x0800f32d   Data           5  cmd.o(.rodata.name)
    __fsym_list_desc                         0x0800f332   Data          26  cmd.o(.rodata.name)
    __fsym___cmd_help_name                   0x0800f34c   Data          11  msh.o(.rodata.name)
    __fsym___cmd_help_desc                   0x0800f357   Data          22  msh.o(.rodata.name)
    __fsym___cmd_ps_name                     0x0800f36d   Data           9  msh_cmd.o(.rodata.name)
    __fsym___cmd_ps_desc                     0x0800f376   Data          28  msh_cmd.o(.rodata.name)
    __fsym___cmd_time_name                   0x0800f392   Data          11  msh_cmd.o(.rodata.name)
    __fsym___cmd_time_desc                   0x0800f39d   Data          27  msh_cmd.o(.rodata.name)
    __fsym___cmd_free_name                   0x0800f3b8   Data          11  msh_cmd.o(.rodata.name)
    __fsym___cmd_free_desc                   0x0800f3c3   Data          37  msh_cmd.o(.rodata.name)
    __fsym___cmd_dynmem_sample_name          0x0800f3e8   Data          20  dynmem_sample.o(.rodata.name)
    __fsym___cmd_dynmem_sample_desc          0x0800f3fc   Data          14  dynmem_sample.o(.rodata.name)
    __fsym___cmd_event_sample_name           0x0800f40a   Data          19  event_sample.o(.rodata.name)
    __fsym___cmd_event_sample_desc           0x0800f41d   Data          13  event_sample.o(.rodata.name)
    __fsym___cmd_idle_hook_sample_name       0x0800f42a   Data          23  idlehook_sample.o(.rodata.name)
    __fsym___cmd_idle_hook_sample_desc       0x0800f441   Data          17  idlehook_sample.o(.rodata.name)
    __fsym___cmd_interrupt_sample_name       0x0800f452   Data          23  interrupt_sample.o(.rodata.name)
    __fsym___cmd_interrupt_sample_desc       0x0800f469   Data          17  interrupt_sample.o(.rodata.name)
    __fsym___cmd_mailbox_sample_name         0x0800f47a   Data          21  mailbox_sample.o(.rodata.name)
    __fsym___cmd_mailbox_sample_desc         0x0800f48f   Data          15  mailbox_sample.o(.rodata.name)
    __fsym___cmd_mempool_sample_name         0x0800f49e   Data          21  memp_sample.o(.rodata.name)
    __fsym___cmd_mempool_sample_desc         0x0800f4b3   Data          15  memp_sample.o(.rodata.name)
    __fsym___cmd_msgq_sample_name            0x0800f4c2   Data          18  msgq_sample.o(.rodata.name)
    __fsym___cmd_msgq_sample_desc            0x0800f4d4   Data          12  msgq_sample.o(.rodata.name)
    __fsym___cmd_mutex_sample_name           0x0800f4e0   Data          19  mutex_sample.o(.rodata.name)
    __fsym___cmd_mutex_sample_desc           0x0800f4f3   Data          13  mutex_sample.o(.rodata.name)
    __fsym___cmd_pri_inversion_name          0x0800f500   Data          20  priority_inversion.o(.rodata.name)
    __fsym___cmd_pri_inversion_desc          0x0800f514   Data          21  priority_inversion.o(.rodata.name)
    __fsym___cmd_producer_consumer_name      0x0800f529   Data          24  producer_consumer.o(.rodata.name)
    __fsym___cmd_producer_consumer_desc      0x0800f541   Data          25  producer_consumer.o(.rodata.name)
    __fsym___cmd_scheduler_hook_name         0x0800f55a   Data          21  scheduler_hook.o(.rodata.name)
    __fsym___cmd_scheduler_hook_desc         0x0800f56f   Data          22  scheduler_hook.o(.rodata.name)
    __fsym___cmd_semaphore_sample_name       0x0800f585   Data          23  semaphore_sample.o(.rodata.name)
    __fsym___cmd_semaphore_sample_desc       0x0800f59c   Data          17  semaphore_sample.o(.rodata.name)
    __fsym___cmd_signal_sample_name          0x0800f5ad   Data          20  signal_sample.o(.rodata.name)
    __fsym___cmd_signal_sample_desc          0x0800f5c1   Data          14  signal_sample.o(.rodata.name)
    __fsym___cmd_thread_sample_name          0x0800f5cf   Data          20  thread_sample.o(.rodata.name)
    __fsym___cmd_thread_sample_desc          0x0800f5e3   Data          14  thread_sample.o(.rodata.name)
    __fsym___cmd_timer_sample_name           0x0800f5f1   Data          19  timer_sample.o(.rodata.name)
    __fsym___cmd_timer_sample_desc           0x0800f604   Data          13  timer_sample.o(.rodata.name)
    __fsym___cmd_timeslice_sample_name       0x0800f611   Data          23  timeslice_sample.o(.rodata.name)
    __fsym___cmd_timeslice_sample_desc       0x0800f628   Data          17  timeslice_sample.o(.rodata.name)
    __rt_init_rti_start                      0x0800f63c   Data           4  components.o(.rti_fn.0)
    __rt_init_rti_board_start                0x0800f640   Data           4  components.o(.rti_fn.0.end)
    __rt_init_rt_hw_pin_init                 0x0800f644   Data           4  drv_gpio.o(.rti_fn.1)
    __rt_init_rt_hw_usart_init               0x0800f648   Data           4  drv_usart.o(.rti_fn.1)
    __rt_init_rti_board_end                  0x0800f64c   Data           4  components.o(.rti_fn.1.end)
    __rt_init_finsh_system_init              0x0800f650   Data           4  shell.o(.rti_fn.6)
    __rt_init_rti_end                        0x0800f654   Data           4  components.o(.rti_fn.6.end)
    FSymTab$$Base                            0x0800f658   Number         0  main.o(FSymTab)
    __fsym___cmd_rtt_task3                   0x0800f658   Data          12  main.o(FSymTab)
    __fsym_list_mem                          0x0800f664   Data          12  mem.o(FSymTab)
    __fsym_pinMode                           0x0800f670   Data          12  pin.o(FSymTab)
    __fsym_pinWrite                          0x0800f67c   Data          12  pin.o(FSymTab)
    __fsym_pinRead                           0x0800f688   Data          12  pin.o(FSymTab)
    __fsym_hello                             0x0800f694   Data          12  cmd.o(FSymTab)
    __fsym_version                           0x0800f6a0   Data          12  cmd.o(FSymTab)
    __fsym___cmd_version                     0x0800f6ac   Data          12  cmd.o(FSymTab)
    __fsym_list_thread                       0x0800f6b8   Data          12  cmd.o(FSymTab)
    __fsym___cmd_list_thread                 0x0800f6c4   Data          12  cmd.o(FSymTab)
    __fsym_list_sem                          0x0800f6d0   Data          12  cmd.o(FSymTab)
    __fsym___cmd_list_sem                    0x0800f6dc   Data          12  cmd.o(FSymTab)
    __fsym_list_event                        0x0800f6e8   Data          12  cmd.o(FSymTab)
    __fsym___cmd_list_event                  0x0800f6f4   Data          12  cmd.o(FSymTab)
    __fsym_list_mutex                        0x0800f700   Data          12  cmd.o(FSymTab)
    __fsym___cmd_list_mutex                  0x0800f70c   Data          12  cmd.o(FSymTab)
    __fsym_list_mailbox                      0x0800f718   Data          12  cmd.o(FSymTab)
    __fsym___cmd_list_mailbox                0x0800f724   Data          12  cmd.o(FSymTab)
    __fsym_list_msgqueue                     0x0800f730   Data          12  cmd.o(FSymTab)
    __fsym___cmd_list_msgqueue               0x0800f73c   Data          12  cmd.o(FSymTab)
    __fsym_list_memheap                      0x0800f748   Data          12  cmd.o(FSymTab)
    __fsym___cmd_list_memheap                0x0800f754   Data          12  cmd.o(FSymTab)
    __fsym_list_mempool                      0x0800f760   Data          12  cmd.o(FSymTab)
    __fsym___cmd_list_mempool                0x0800f76c   Data          12  cmd.o(FSymTab)
    __fsym_list_timer                        0x0800f778   Data          12  cmd.o(FSymTab)
    __fsym___cmd_list_timer                  0x0800f784   Data          12  cmd.o(FSymTab)
    __fsym_list_device                       0x0800f790   Data          12  cmd.o(FSymTab)
    __fsym___cmd_list_device                 0x0800f79c   Data          12  cmd.o(FSymTab)
    __fsym_list                              0x0800f7a8   Data          12  cmd.o(FSymTab)
    __fsym___cmd_help                        0x0800f7b4   Data          12  msh.o(FSymTab)
    __fsym___cmd_ps                          0x0800f7c0   Data          12  msh_cmd.o(FSymTab)
    __fsym___cmd_time                        0x0800f7cc   Data          12  msh_cmd.o(FSymTab)
    __fsym___cmd_free                        0x0800f7d8   Data          12  msh_cmd.o(FSymTab)
    __fsym___cmd_dynmem_sample               0x0800f7e4   Data          12  dynmem_sample.o(FSymTab)
    __fsym___cmd_event_sample                0x0800f7f0   Data          12  event_sample.o(FSymTab)
    __fsym___cmd_idle_hook_sample            0x0800f7fc   Data          12  idlehook_sample.o(FSymTab)
    __fsym___cmd_interrupt_sample            0x0800f808   Data          12  interrupt_sample.o(FSymTab)
    __fsym___cmd_mailbox_sample              0x0800f814   Data          12  mailbox_sample.o(FSymTab)
    __fsym___cmd_mempool_sample              0x0800f820   Data          12  memp_sample.o(FSymTab)
    __fsym___cmd_msgq_sample                 0x0800f82c   Data          12  msgq_sample.o(FSymTab)
    __fsym___cmd_mutex_sample                0x0800f838   Data          12  mutex_sample.o(FSymTab)
    __fsym___cmd_pri_inversion               0x0800f844   Data          12  priority_inversion.o(FSymTab)
    __fsym___cmd_producer_consumer           0x0800f850   Data          12  producer_consumer.o(FSymTab)
    __fsym___cmd_scheduler_hook              0x0800f85c   Data          12  scheduler_hook.o(FSymTab)
    __fsym___cmd_semaphore_sample            0x0800f868   Data          12  semaphore_sample.o(FSymTab)
    __fsym___cmd_signal_sample               0x0800f874   Data          12  signal_sample.o(FSymTab)
    __fsym___cmd_thread_sample               0x0800f880   Data          12  thread_sample.o(FSymTab)
    __fsym___cmd_timer_sample                0x0800f88c   Data          12  timer_sample.o(FSymTab)
    __fsym___cmd_timeslice_sample            0x0800f898   Data          12  timeslice_sample.o(FSymTab)
    FSymTab$$Limit                           0x0800f8a4   Number         0  timeslice_sample.o(FSymTab)
    Region$$Table$$Base                      0x0800f8a4   Number         0  anon$$obj.o(Region$$Table)
    Region$$Table$$Limit                     0x0800f8c4   Number         0  anon$$obj.o(Region$$Table)
    pin_irq_hdr_tab                          0x2000000c   Data         192  drv_gpio.o(.data)
    uart1                                    0x200000cc   Data          68  drv_usart.o(.data)
    SystemCoreClock                          0x20000110   Data           4  system_stm32f1xx.o(.data)
    uwTick                                   0x20000114   Data           4  stm32f1xx_hal.o(.data)
    rt_interrupt_nest                        0x20000124   Data           1  irq.o(.data)
    rt_assert_hook                           0x20000130   Data           4  kservice.o(.data)
    rt_object_trytake_hook                   0x20000204   Data           4  object.o(.data)
    rt_object_take_hook                      0x20000208   Data           4  object.o(.data)
    rt_object_put_hook                       0x2000020c   Data           4  object.o(.data)
    rt_current_thread                        0x20000214   Data           4  scheduler.o(.data)
    rt_current_priority                      0x20000218   Data           1  scheduler.o(.data)
    rt_thread_ready_priority_group           0x2000021c   Data           4  scheduler.o(.data)
    rt_thread_defunct                        0x20000220   Data           8  scheduler.o(.data)
    rt_interrupt_from_thread                 0x2000024c   Data           4  cpuport.o(.data)
    rt_interrupt_to_thread                   0x20000250   Data           4  cpuport.o(.data)
    rt_thread_switch_interrupt_flag          0x20000254   Data           4  cpuport.o(.data)
    shell                                    0x2000025c   Data           4  shell.o(.data)
    _syscall_table_begin                     0x20000260   Data           4  symbol.o(.data)
    _syscall_table_end                       0x20000264   Data           4  symbol.o(.data)
    _sysvar_table_begin                      0x20000268   Data           4  symbol.o(.data)
    _sysvar_table_end                        0x2000026c   Data           4  symbol.o(.data)
    count                                    0x200002d4   Data           8  scheduler_hook.o(.data)
    serial1                                  0x20000308   Data          84  drv_usart.o(.bss)
    rt_thread_priority_table                 0x200005a0   Data         256  scheduler.o(.bss)
    array                                    0x2000460c   Data          20  producer_consumer.o(.bss)
    sem_lock                                 0x20004620   Data          32  producer_consumer.o(.bss)
    sem_empty                                0x20004640   Data          32  producer_consumer.o(.bss)
    sem_full                                 0x20004660   Data          32  producer_consumer.o(.bss)
    Image$$RW_IRAM1$$ZI$$Limit               0x20005840   Number         0  anon$$obj.o ABSOLUTE
    __initial_sp                             0x20005840   Data           0  startup_stm32f103xe.o(STACK)



==============================================================================

Memory Map of the image

  Image Entry point : 0x08000131

  Load Region LR_IROM1 (Base: 0x08000000, Size: 0x0000fbcc, Max: 0x000c0000, ABSOLUTE, COMPRESSED[0x0000f958])

    Execution Region ER_IROM1 (Exec base: 0x08000000, Load base: 0x08000000, Size: 0x0000f8c4, Max: 0x000c0000, ABSOLUTE)

    Exec Addr    Load Addr    Size         Type   Attr      Idx    E Section Name        Object

    0x08000000   0x08000000   0x00000130   Data   RO         1252    RESET               startup_stm32f103xe.o
    0x08000130   0x08000130   0x00000000   Code   RO         1976  * .ARM.Collect$$$$00000000  mc_w.l(entry.o)
    0x08000130   0x08000130   0x00000004   Code   RO         1997    .ARM.Collect$$$$00000001  mc_w.l(entry2.o)
    0x08000134   0x08000134   0x00000004   Code   RO         2000    .ARM.Collect$$$$00000004  mc_w.l(entry5.o)
    0x08000138   0x08000138   0x00000000   Code   RO         2002    .ARM.Collect$$$$00000008  mc_w.l(entry7b.o)
    0x08000138   0x08000138   0x00000000   Code   RO         2004    .ARM.Collect$$$$0000000A  mc_w.l(entry8b.o)
    0x08000138   0x08000138   0x00000008   Code   RO         2005    .ARM.Collect$$$$0000000B  mc_w.l(entry9a.o)
    0x08000140   0x08000140   0x00000004   Code   RO         2012    .ARM.Collect$$$$0000000E  mc_w.l(entry12b.o)
    0x08000144   0x08000144   0x00000000   Code   RO         2007    .ARM.Collect$$$$0000000F  mc_w.l(entry10a.o)
    0x08000144   0x08000144   0x00000000   Code   RO         2009    .ARM.Collect$$$$00000011  mc_w.l(entry11a.o)
    0x08000144   0x08000144   0x00000004   Code   RO         1998    .ARM.Collect$$$$00002712  mc_w.l(entry2.o)
    0x08000148   0x08000148   0x00000110   Code   RO            1    .text               main.o
    0x08000258   0x08000258   0x00000190   Code   RO          112    .text               board.o
    0x080003e8   0x080003e8   0x00000010   Code   RO          224    .text               stm32f1xx_it.o
    0x080003f8   0x080003f8   0x0000057c   Code   RO          251    .text               drv_gpio.o
    0x08000974   0x08000974   0x000004cc   Code   RO          280    .text               drv_usart.o
    0x08000e40   0x08000e40   0x000000f4   Code   RO          317    .text               system_stm32f1xx.o
    0x08000f34   0x08000f34   0x000004e8   Code   RO          384    .text               stm32f1xx_hal_gpio.o
    0x0800141c   0x0800141c   0x00000ee4   Code   RO          484    .text               stm32f1xx_hal_dma.o
    0x08002300   0x08002300   0x000002c4   Code   RO          508    .text               stm32f1xx_hal_cortex.o
    0x080025c4   0x080025c4   0x000008a8   Code   RO          632    .text               stm32f1xx_hal_rcc.o
    0x08002e6c   0x08002e6c   0x0000120a   Code   RO          818    .text               stm32f1xx_hal_uart.o
    0x08004076   0x08004076   0x00000002   PAD
    0x08004078   0x08004078   0x0000015c   Code   RO          884    .text               stm32f1xx_hal.o
    0x080041d4   0x080041d4   0x00000024   Code   RO         1253    .text               startup_stm32f103xe.o
    0x080041f8   0x080041f8   0x0000006c   Code   RO         1257    .text               clock.o
    0x08004264   0x08004264   0x000000dc   Code   RO         1271    .text               components.o
    0x08004340   0x08004340   0x00000530   Code   RO         1290    .text               device.o
    0x08004870   0x08004870   0x000001d4   Code   RO         1303    .text               idle.o
    0x08004a44   0x08004a44   0x00001c08   Code   RO         1322    .text               ipc.o
    0x0800664c   0x0800664c   0x0000007c   Code   RO         1340    .text               irq.o
    0x080066c8   0x080066c8   0x00000ab0   Code   RO         1355    .text               kservice.o
    0x08007178   0x08007178   0x000008f4   Code   RO         1375    .text               mem.o
    0x08007a6c   0x08007a6c   0x000004f0   Code   RO         1421    .text               mempool.o
    0x08007f5c   0x08007f5c   0x00000378   Code   RO         1439    .text               object.o
    0x080082d4   0x080082d4   0x00000308   Code   RO         1458    .text               scheduler.o
    0x080085dc   0x080085dc   0x000005c4   Code   RO         1479    .text               signal.o
    0x08008ba0   0x08008ba0   0x0000059c   Code   RO         1509    .text               timer.o
    0x0800913c   0x0800913c   0x000007f8   Code   RO         1528    .text               thread.o
    0x08009934   0x08009934   0x000005d4   Code   RO         1548    .text               cpuport.o
    0x08009f08   0x08009f08   0x000000f0   Code   RO         1564    .text               context_rvds.o
    0x08009ff8   0x08009ff8   0x00000250   Code   RO         1568    .text               pin.o
    0x0800a248   0x0800a248   0x00000530   Code   RO         1586    .text               serial.o
    0x0800a778   0x0800a778   0x000008bc   Code   RO         1599    .text               shell.o
    0x0800b034   0x0800b034   0x00000bfc   Code   RO         1640    .text               cmd.o
    0x0800bc30   0x0800bc30   0x00000368   Code   RO         1661    .text               msh.o
    0x0800bf98   0x0800bf98   0x00000022   Code   RO         1678    .text               msh_cmd.o
    0x0800bfba   0x0800bfba   0x00000002   PAD
    0x0800bfbc   0x0800bfbc   0x000000d0   Code   RO         1700    .text               dynmem_sample.o
    0x0800c08c   0x0800c08c   0x00000204   Code   RO         1716    .text               event_sample.o
    0x0800c290   0x0800c290   0x00000138   Code   RO         1733    .text               idlehook_sample.o
    0x0800c3c8   0x0800c3c8   0x000000b8   Code   RO         1750    .text               interrupt_sample.o
    0x0800c480   0x0800c480   0x00000194   Code   RO         1767    .text               mailbox_sample.o
    0x0800c614   0x0800c614   0x00000160   Code   RO         1785    .text               memp_sample.o
    0x0800c774   0x0800c774   0x0000025c   Code   RO         1803    .text               msgq_sample.o
    0x0800c9d0   0x0800c9d0   0x000001b0   Code   RO         1820    .text               mutex_sample.o
    0x0800cb80   0x0800cb80   0x00000254   Code   RO         1838    .text               priority_inversion.o
    0x0800cdd4   0x0800cdd4   0x000002d8   Code   RO         1855    .text               producer_consumer.o
    0x0800d0ac   0x0800d0ac   0x000000d8   Code   RO         1873    .text               scheduler_hook.o
    0x0800d184   0x0800d184   0x000001fc   Code   RO         1890    .text               semaphore_sample.o
    0x0800d380   0x0800d380   0x000000bc   Code   RO         1908    .text               signal_sample.o
    0x0800d43c   0x0800d43c   0x000000e8   Code   RO         1925    .text               thread_sample.o
    0x0800d524   0x0800d524   0x00000104   Code   RO         1943    .text               timer_sample.o
    0x0800d628   0x0800d628   0x000000b4   Code   RO         1960    .text               timeslice_sample.o
    0x0800d6dc   0x0800d6dc   0x00000024   Code   RO         1981    .text               mc_w.l(memcpya.o)
    0x0800d700   0x0800d700   0x00000024   Code   RO         1983    .text               mc_w.l(memseta.o)
    0x0800d724   0x0800d724   0x00000018   Code   RO         1985    .text               mc_w.l(strcat.o)
    0x0800d73c   0x0800d73c   0x0000000e   Code   RO         1987    .text               mc_w.l(strlen.o)
    0x0800d74a   0x0800d74a   0x0000001a   Code   RO         1989    .text               mc_w.l(memcmp.o)
    0x0800d764   0x0800d764   0x00000012   Code   RO         1991    .text               mc_w.l(strcpy.o)
    0x0800d776   0x0800d776   0x0000001e   Code   RO         1993    .text               mc_w.l(strncmp.o)
    0x0800d794   0x0800d794   0x00000024   Code   RO         2013    .text               mc_w.l(init.o)
    0x0800d7b8   0x0800d7b8   0x00000056   Code   RO         2023    .text               mc_w.l(__dczerorl2.o)
    0x0800d80e   0x0800d80e   0x0000000e   Code   RO         2017    i.__scatterload_copy  mc_w.l(handlers.o)
    0x0800d81c   0x0800d81c   0x00000002   Code   RO         2018    i.__scatterload_null  mc_w.l(handlers.o)
    0x0800d81e   0x0800d81e   0x0000000e   Code   RO         2019    i.__scatterload_zeroinit  mc_w.l(handlers.o)
    0x0800d82c   0x0800d82c   0x00000013   Data   RO          113    .constdata          board.o
    0x0800d83f   0x0800d83f   0x00000001   PAD
    0x0800d840   0x0800d840   0x00000968   Data   RO          252    .constdata          drv_gpio.o
    0x0800e1a8   0x0800e1a8   0x0000006f   Data   RO          282    .constdata          drv_usart.o
    0x0800e217   0x0800e217   0x00000018   Data   RO          318    .constdata          system_stm32f1xx.o
    0x0800e22f   0x0800e22f   0x00000014   Data   RO         1272    .constdata          components.o
    0x0800e243   0x0800e243   0x000000c9   Data   RO         1291    .constdata          device.o
    0x0800e30c   0x0800e30c   0x00000016   Data   RO         1305    .constdata          idle.o
    0x0800e322   0x0800e322   0x000001f7   Data   RO         1323    .constdata          ipc.o
    0x0800e519   0x0800e519   0x00000122   Data   RO         1357    .constdata          kservice.o
    0x0800e63b   0x0800e63b   0x00000046   Data   RO         1377    .constdata          mem.o
    0x0800e681   0x0800e681   0x0000003e   Data   RO         1422    .constdata          mempool.o
    0x0800e6bf   0x0800e6bf   0x00000080   Data   RO         1440    .constdata          object.o
    0x0800e73f   0x0800e73f   0x0000004e   Data   RO         1460    .constdata          scheduler.o
    0x0800e78d   0x0800e78d   0x00000048   Data   RO         1480    .constdata          signal.o
    0x0800e7d5   0x0800e7d5   0x0000005c   Data   RO         1510    .constdata          timer.o
    0x0800e831   0x0800e831   0x000000b9   Data   RO         1529    .constdata          thread.o
    0x0800e8ea   0x0800e8ea   0x00000013   Data   RO         1549    .constdata          cpuport.o
    0x0800e8fd   0x0800e8fd   0x0000007e   Data   RO         1570    .constdata          pin.o
    0x0800e97b   0x0800e97b   0x000000b5   Data   RO         1587    .constdata          serial.o
    0x0800ea30   0x0800ea30   0x0000005b   Data   RO         1601    .constdata          shell.o
    0x0800ea8b   0x0800ea8b   0x00000001   PAD
    0x0800ea8c   0x0800ea8c   0x00000050   Data   RO         1641    .constdata          cmd.o
    0x0800eadc   0x0800eadc   0x0000000e   Data   RO         1662    .constdata          msh.o
    0x0800eaea   0x0800eaea   0x00000002   PAD
    0x0800eaec   0x0800eaec   0x00000043   Data   RO          114    .conststring        board.o
    0x0800eb2f   0x0800eb2f   0x00000001   PAD
    0x0800eb30   0x0800eb30   0x0000015a   Data   RO         1324    .conststring        ipc.o
    0x0800ec8a   0x0800ec8a   0x00000002   PAD
    0x0800ec8c   0x0800ec8c   0x000000ed   Data   RO         1378    .conststring        mem.o
    0x0800ed79   0x0800ed79   0x00000003   PAD
    0x0800ed7c   0x0800ed7c   0x00000042   Data   RO         1530    .conststring        thread.o
    0x0800edbe   0x0800edbe   0x00000002   PAD
    0x0800edc0   0x0800edc0   0x0000015d   Data   RO         1642    .conststring        cmd.o
    0x0800ef1d   0x0800ef1d   0x0000001a   Data   RO            3    .rodata.name        main.o
    0x0800ef37   0x0800ef37   0x00000027   Data   RO         1380    .rodata.name        mem.o
    0x0800ef5e   0x0800ef5e   0x00000069   Data   RO         1571    .rodata.name        pin.o
    0x0800efc7   0x0800efc7   0x00000385   Data   RO         1643    .rodata.name        cmd.o
    0x0800f34c   0x0800f34c   0x00000021   Data   RO         1663    .rodata.name        msh.o
    0x0800f36d   0x0800f36d   0x0000007b   Data   RO         1679    .rodata.name        msh_cmd.o
    0x0800f3e8   0x0800f3e8   0x00000022   Data   RO         1701    .rodata.name        dynmem_sample.o
    0x0800f40a   0x0800f40a   0x00000020   Data   RO         1718    .rodata.name        event_sample.o
    0x0800f42a   0x0800f42a   0x00000028   Data   RO         1735    .rodata.name        idlehook_sample.o
    0x0800f452   0x0800f452   0x00000028   Data   RO         1752    .rodata.name        interrupt_sample.o
    0x0800f47a   0x0800f47a   0x00000024   Data   RO         1770    .rodata.name        mailbox_sample.o
    0x0800f49e   0x0800f49e   0x00000024   Data   RO         1788    .rodata.name        memp_sample.o
    0x0800f4c2   0x0800f4c2   0x0000001e   Data   RO         1805    .rodata.name        msgq_sample.o
    0x0800f4e0   0x0800f4e0   0x00000020   Data   RO         1823    .rodata.name        mutex_sample.o
    0x0800f500   0x0800f500   0x00000029   Data   RO         1840    .rodata.name        priority_inversion.o
    0x0800f529   0x0800f529   0x00000031   Data   RO         1858    .rodata.name        producer_consumer.o
    0x0800f55a   0x0800f55a   0x0000002b   Data   RO         1875    .rodata.name        scheduler_hook.o
    0x0800f585   0x0800f585   0x00000028   Data   RO         1893    .rodata.name        semaphore_sample.o
    0x0800f5ad   0x0800f5ad   0x00000022   Data   RO         1910    .rodata.name        signal_sample.o
    0x0800f5cf   0x0800f5cf   0x00000022   Data   RO         1928    .rodata.name        thread_sample.o
    0x0800f5f1   0x0800f5f1   0x00000020   Data   RO         1945    .rodata.name        timer_sample.o
    0x0800f611   0x0800f611   0x00000028   Data   RO         1961    .rodata.name        timeslice_sample.o
    0x0800f639   0x0800f639   0x00000003   PAD
    0x0800f63c   0x0800f63c   0x00000004   Data   RO         1273    .rti_fn.0           components.o
    0x0800f640   0x0800f640   0x00000004   Data   RO         1274    .rti_fn.0.end       components.o
    0x0800f644   0x0800f644   0x00000004   Data   RO          254    .rti_fn.1           drv_gpio.o
    0x0800f648   0x0800f648   0x00000004   Data   RO          284    .rti_fn.1           drv_usart.o
    0x0800f64c   0x0800f64c   0x00000004   Data   RO         1275    .rti_fn.1.end       components.o
    0x0800f650   0x0800f650   0x00000004   Data   RO         1603    .rti_fn.6           shell.o
    0x0800f654   0x0800f654   0x00000004   Data   RO         1276    .rti_fn.6.end       components.o
    0x0800f658   0x0800f658   0x0000000c   Data   RO            4    FSymTab             main.o
    0x0800f664   0x0800f664   0x0000000c   Data   RO         1381    FSymTab             mem.o
    0x0800f670   0x0800f670   0x00000024   Data   RO         1572    FSymTab             pin.o
    0x0800f694   0x0800f694   0x00000120   Data   RO         1644    FSymTab             cmd.o
    0x0800f7b4   0x0800f7b4   0x0000000c   Data   RO         1664    FSymTab             msh.o
    0x0800f7c0   0x0800f7c0   0x00000024   Data   RO         1680    FSymTab             msh_cmd.o
    0x0800f7e4   0x0800f7e4   0x0000000c   Data   RO         1702    FSymTab             dynmem_sample.o
    0x0800f7f0   0x0800f7f0   0x0000000c   Data   RO         1719    FSymTab             event_sample.o
    0x0800f7fc   0x0800f7fc   0x0000000c   Data   RO         1736    FSymTab             idlehook_sample.o
    0x0800f808   0x0800f808   0x0000000c   Data   RO         1753    FSymTab             interrupt_sample.o
    0x0800f814   0x0800f814   0x0000000c   Data   RO         1771    FSymTab             mailbox_sample.o
    0x0800f820   0x0800f820   0x0000000c   Data   RO         1789    FSymTab             memp_sample.o
    0x0800f82c   0x0800f82c   0x0000000c   Data   RO         1806    FSymTab             msgq_sample.o
    0x0800f838   0x0800f838   0x0000000c   Data   RO         1824    FSymTab             mutex_sample.o
    0x0800f844   0x0800f844   0x0000000c   Data   RO         1841    FSymTab             priority_inversion.o
    0x0800f850   0x0800f850   0x0000000c   Data   RO         1859    FSymTab             producer_consumer.o
    0x0800f85c   0x0800f85c   0x0000000c   Data   RO         1876    FSymTab             scheduler_hook.o
    0x0800f868   0x0800f868   0x0000000c   Data   RO         1894    FSymTab             semaphore_sample.o
    0x0800f874   0x0800f874   0x0000000c   Data   RO         1911    FSymTab             signal_sample.o
    0x0800f880   0x0800f880   0x0000000c   Data   RO         1929    FSymTab             thread_sample.o
    0x0800f88c   0x0800f88c   0x0000000c   Data   RO         1946    FSymTab             timer_sample.o
    0x0800f898   0x0800f898   0x0000000c   Data   RO         1962    FSymTab             timeslice_sample.o
    0x0800f8a4   0x0800f8a4   0x00000020   Data   RO         2015    Region$$Table       anon$$obj.o


    Execution Region RW_IRAM1 (Exec base: 0x20000000, Load base: 0x0800f8c4, Size: 0x00005840, Max: 0x00018000, ABSOLUTE, COMPRESSED[0x00000094])

    Exec Addr    Load Addr    Size         Type   Attr      Idx    E Section Name        Object

    0x20000000   COMPRESSED   0x0000000c   Data   RW            2    .data               main.o
    0x2000000c   COMPRESSED   0x000000c0   Data   RW          253    .data               drv_gpio.o
    0x200000cc   COMPRESSED   0x00000044   Data   RW          283    .data               drv_usart.o
    0x20000110   COMPRESSED   0x00000004   Data   RW          319    .data               system_stm32f1xx.o
    0x20000114   COMPRESSED   0x00000004   Data   RW          885    .data               stm32f1xx_hal.o
    0x20000118   COMPRESSED   0x00000004   Data   RW         1258    .data               clock.o
    0x2000011c   COMPRESSED   0x00000009   Data   RW         1341    .data               irq.o
    0x20000125   COMPRESSED   0x00000003   PAD
    0x20000128   COMPRESSED   0x0000000c   Data   RW         1358    .data               kservice.o
    0x20000134   COMPRESSED   0x00000020   Data   RW         1379    .data               mem.o
    0x20000154   COMPRESSED   0x00000008   Data   RW         1423    .data               mempool.o
    0x2000015c   COMPRESSED   0x000000b4   Data   RW         1441    .data               object.o
    0x20000210   COMPRESSED   0x0000001c   Data   RW         1461    .data               scheduler.o
    0x2000022c   COMPRESSED   0x00000004   Data   RW         1481    .data               signal.o
    0x20000230   COMPRESSED   0x00000010   Data   RW         1511    .data               timer.o
    0x20000240   COMPRESSED   0x0000000c   Data   RW         1531    .data               thread.o
    0x2000024c   COMPRESSED   0x00000010   Data   RW         1550    .data               cpuport.o
    0x2000025c   COMPRESSED   0x00000004   Data   RW         1602    .data               shell.o
    0x20000260   COMPRESSED   0x00000010   Data   RW         1624    .data               symbol.o
    0x20000270   COMPRESSED   0x00000008   Data   RW         1734    .data               idlehook_sample.o
    0x20000278   COMPRESSED   0x00000004   Data   RW         1751    .data               interrupt_sample.o
    0x2000027c   COMPRESSED   0x00000027   Data   RW         1769    .data               mailbox_sample.o
    0x200002a3   COMPRESSED   0x00000001   PAD
    0x200002a4   COMPRESSED   0x00000008   Data   RW         1787    .data               memp_sample.o
    0x200002ac   COMPRESSED   0x00000006   Data   RW         1822    .data               mutex_sample.o
    0x200002b2   COMPRESSED   0x00000002   PAD
    0x200002b4   COMPRESSED   0x00000010   Data   RW         1839    .data               priority_inversion.o
    0x200002c4   COMPRESSED   0x00000010   Data   RW         1857    .data               producer_consumer.o
    0x200002d4   COMPRESSED   0x00000010   Data   RW         1874    .data               scheduler_hook.o
    0x200002e4   COMPRESSED   0x0000000d   Data   RW         1892    .data               semaphore_sample.o
    0x200002f1   COMPRESSED   0x00000003   PAD
    0x200002f4   COMPRESSED   0x00000004   Data   RW         1909    .data               signal_sample.o
    0x200002f8   COMPRESSED   0x00000004   Data   RW         1927    .data               thread_sample.o
    0x200002fc   COMPRESSED   0x0000000c   Data   RW         1944    .data               timer_sample.o
    0x20000308        -       0x00000054   Zero   RW          281    .bss                drv_usart.o
    0x2000035c        -       0x000001a4   Zero   RW         1304    .bss                idle.o
    0x20000500        -       0x00000080   Zero   RW         1356    .bss                kservice.o
    0x20000580        -       0x00000020   Zero   RW         1376    .bss                mem.o
    0x200005a0        -       0x00000100   Zero   RW         1459    .bss                scheduler.o
    0x200006a0        -       0x00000044   Zero   RW         1569    .bss                pin.o
    0x200006e4        -       0x00000081   Zero   RW         1600    .bss                shell.o
    0x20000765   COMPRESSED   0x00000003   PAD
    0x20000768        -       0x00000948   Zero   RW         1717    .bss                event_sample.o
    0x200010b0        -       0x000009d8   Zero   RW         1768    .bss                mailbox_sample.o
    0x20001a88        -       0x00001100   Zero   RW         1786    .bss                memp_sample.o
    0x20002b88        -       0x0000115c   Zero   RW         1804    .bss                msgq_sample.o
    0x20003ce4        -       0x00000928   Zero   RW         1821    .bss                mutex_sample.o
    0x2000460c        -       0x00000074   Zero   RW         1856    .bss                producer_consumer.o
    0x20004680        -       0x00000928   Zero   RW         1891    .bss                semaphore_sample.o
    0x20004fa8        -       0x00000494   Zero   RW         1926    .bss                thread_sample.o
    0x2000543c   COMPRESSED   0x00000004   PAD
    0x20005440        -       0x00000400   Zero   RW         1250    STACK               startup_stm32f103xe.o


==============================================================================

Image component sizes


      Code (inc. data)   RO Data    RW Data    ZI Data      Debug   Object Name

       400         80         86          0          0     445578   board.o
       108          6          0          4          0       1424   clock.o
      3068       1334       1618          0          0      14939   cmd.o
       220         42         36          0          0       2626   components.o
       240         26          0          0          0        756   context_rvds.o
      1492        718         19         16          0       3911   cpuport.o
      1328        312        201          0          0       5658   device.o
      1404         44       2412        192          0       7522   drv_gpio.o
      1228        178        115         68         84      26387   drv_usart.o
       208         92         46          0          0       1659   dynmem_sample.o
       516        264         44          0       2376       2029   event_sample.o
       468         78         22          0        420       5360   idle.o
       312        136         52          8          0       1829   idlehook_sample.o
       184         58         52          4          0       1718   interrupt_sample.o
      7176       1040        849          0          0      22267   ipc.o
       124         14          0          9          0       1860   irq.o
      2736        228        290         12        128      12244   kservice.o
       404        174         48         39       2520       2181   mailbox_sample.o
       272        134         38         12          0      24532   main.o
      2292        644        358         32         32       5459   mem.o
       352        118         48          8       4352       1961   memp_sample.o
      1264        264         62          8          0       7002   mempool.o
       604        296         42          0       4444       2117   msgq_sample.o
       872        136         59          0          0       4280   msh.o
        34          0        159          0          0       2263   msh_cmd.o
       432        178         44          6       2344       1961   mutex_sample.o
       888        186        128        180          0       8219   object.o
       592         94        267          0         68       5059   pin.o
       596        218         53         16          0       2181   priority_inversion.o
       728        290         61         16        116       2287   producer_consumer.o
       776        148         78         28        256       6537   scheduler.o
       216         82         55         16          0       1871   scheduler_hook.o
       508        264         52         13       2344       2077   semaphore_sample.o
      1328        148        181          0          0       5897   serial.o
      2236        222         95          4        129       5905   shell.o
      1476        172         72          4          0       8212   signal.o
       188         64         46          4          0       1792   signal_sample.o
        36          8        304          0       1024        872   startup_stm32f103xe.o
       348         30          0          4          0       4099   stm32f1xx_hal.o
       708         22          0          0          0      27310   stm32f1xx_hal_cortex.o
      3812         40          0          0          0       6653   stm32f1xx_hal_dma.o
      1256         42          0          0          0       3923   stm32f1xx_hal_gpio.o
      2216         94          0          0          0       5295   stm32f1xx_hal_rcc.o
      4618         46          0          0          0      15896   stm32f1xx_hal_uart.o
        16          0          0          0          0        829   stm32f1xx_it.o
         0          0          0         16          0       5101   symbol.o
       244         32         24          4          0       1721   system_stm32f1xx.o
      2040        416        251         12          0      10550   thread.o
       232         92         46          4       1172       1837   thread_sample.o
      1436        268         92         16          0       8659   timer.o
       260        128         44         12          0       1697   timer_sample.o
       180         66         52          0          0       1681   timeslice_sample.o

    ----------------------------------------------------------------------
     54676       9766       8648        776      21816     755683   Object Totals
         0          0         32          0          0          0   (incl. Generated)
         4          0         15          9          7          0   (incl. Padding)

    ----------------------------------------------------------------------

      Code (inc. data)   RO Data    RW Data    ZI Data      Debug   Library Member Name

        86          0          0          0          0          0   __dczerorl2.o
         0          0          0          0          0          0   entry.o
         0          0          0          0          0          0   entry10a.o
         0          0          0          0          0          0   entry11a.o
         4          0          0          0          0          0   entry12b.o
         8          4          0          0          0          0   entry2.o
         4          0          0          0          0          0   entry5.o
         0          0          0          0          0          0   entry7b.o
         0          0          0          0          0          0   entry8b.o
         8          4          0          0          0          0   entry9a.o
        30          0          0          0          0          0   handlers.o
        36          8          0          0          0         68   init.o
        26          0          0          0          0         80   memcmp.o
        36          0          0          0          0         68   memcpya.o
        36          0          0          0          0        108   memseta.o
        24          0          0          0          0         68   strcat.o
        18          0          0          0          0         68   strcpy.o
        14          0          0          0          0         68   strlen.o
        30          0          0          0          0         80   strncmp.o

    ----------------------------------------------------------------------
       360         16          0          0          0        608   Library Totals
         0          0          0          0          0          0   (incl. Padding)

    ----------------------------------------------------------------------

      Code (inc. data)   RO Data    RW Data    ZI Data      Debug   Library Name

       360         16          0          0          0        608   mc_w.l

    ----------------------------------------------------------------------
       360         16          0          0          0        608   Library Totals

    ----------------------------------------------------------------------

==============================================================================


      Code (inc. data)   RO Data    RW Data    ZI Data      Debug   

     55036       9782       8648        776      21816     751895   Grand Totals
     55036       9782       8648        148      21816     751895   ELF Image Totals (compressed)
     55036       9782       8648        148          0          0   ROM Totals

==============================================================================

    Total RO  Size (Code + RO Data)                63684 (  62.19kB)
    Total RW  Size (RW Data + ZI Data)             22592 (  22.06kB)
    Total ROM Size (Code + RO Data + RW Data)      63832 (  62.34kB)

==============================================================================

